INFO - Game is starting...
INFO - Loaded level 1
DEBUG - Updated level with delta: 0.013690541
DEBUG - Updated level with delta: 0.019434803
DEBUG - Updated level with delta: 0.016533858
DEBUG - Updated level with delta: 0.02422618
DEBUG - Updated level with delta: 0.016118374
DEBUG - Updated level with delta: 0.016220432
DEBUG - Updated level with delta: 0.016190133
DEBUG - Updated level with delta: 0.01635565
DEBUG - Updated level with delta: 0.016504219
DEBUG - Updated level with delta: 0.016680515
DEBUG - Updated level with delta: 0.016408459
DEBUG - Updated level with delta: 0.016568168
DEBUG - Updated level with delta: 0.0170434
DEBUG - Updated level with delta: 0.016640326
DEBUG - Updated level with delta: 0.016689335
DEBUG - Updated level with delta: 0.016808673
DEBUG - Updated level with delta: 0.016735475
DEBUG - Updated level with delta: 0.016126044
DEBUG - Updated level with delta: 0.01701154
DEBUG - Updated level with delta: 0.016679465
DEBUG - Updated level with delta: 0.016703026
DEBUG - Updated level with delta: 0.016694495
DEBUG - Updated level with delta: 0.016682485
DEBUG - Updated level with delta: 0.01637827
DEBUG - Updated level with delta: 0.01705831
DEBUG - Updated level with delta: 0.016986731
DEBUG - Updated level with delta: 0.016788163
DEBUG - Updated level with delta: 0.01634891
DEBUG - Updated level with delta: 0.016479369
DEBUG - Updated level with delta: 0.016419289
DEBUG - Updated level with delta: 0.016860693
DEBUG - Updated level with delta: 0.01638527
DEBUG - Updated level with delta: 0.016368241
DEBUG - Updated level with delta: 0.016353691
DEBUG - Updated level with delta: 0.016703565
DEBUG - Updated level with delta: 0.016454289
DEBUG - Updated level with delta: 0.016962242
DEBUG - Updated level with delta: 0.016527878
DEBUG - Updated level with delta: 0.016669786
DEBUG - Updated level with delta: 0.017515744
DEBUG - Updated level with delta: 0.015952257
DEBUG - Updated level with delta: 0.01637254
DEBUG - Updated level with delta: 0.016909122
DEBUG - Updated level with delta: 0.01644555
DEBUG - Updated level with delta: 0.016228873
DEBUG - Updated level with delta: 0.01636384
DEBUG - Updated level with delta: 0.016619387
DEBUG - Updated level with delta: 0.016704935
DEBUG - Updated level with delta: 0.016913863
DEBUG - Updated level with delta: 0.016728535
DEBUG - Updated level with delta: 0.016618107
DEBUG - Updated level with delta: 0.01641474
DEBUG - Updated level with delta: 0.016703225
DEBUG - Updated level with delta: 0.016620667
DEBUG - Updated level with delta: 0.016268612
DEBUG - Updated level with delta: 0.016162244
DEBUG - Updated level with delta: 0.016635106
DEBUG - Updated level with delta: 0.016665676
DEBUG - Updated level with delta: 0.016693156
DEBUG - Updated level with delta: 0.01645181
DEBUG - Updated level with delta: 0.016950201
DEBUG - Updated level with delta: 0.016161064
DEBUG - Updated level with delta: 0.016174233
DEBUG - Updated level with delta: 0.016688346
DEBUG - Updated level with delta: 0.016518699
DEBUG - Updated level with delta: 0.016283652
DEBUG - Updated level with delta: 0.016550748
DEBUG - Updated level with delta: 0.016317591
DEBUG - Updated level with delta: 0.016726165
DEBUG - Updated level with delta: 0.016564448
DEBUG - Updated level with delta: 0.016634147
DEBUG - Updated level with delta: 0.016792343
DEBUG - Updated level with delta: 0.016730865
DEBUG - Updated level with delta: 0.016482439
DEBUG - Updated level with delta: 0.016683106
DEBUG - Updated level with delta: 0.016927002
DEBUG - Updated level with delta: 0.01645507
DEBUG - Updated level with delta: 0.016616616
DEBUG - Updated level with delta: 0.016810814
DEBUG - Updated level with delta: 0.016369341
DEBUG - Updated level with delta: 0.016948202
DEBUG - Updated level with delta: 0.016318241
DEBUG - Updated level with delta: 0.016985921
DEBUG - Updated level with delta: 0.016743155
DEBUG - Updated level with delta: 0.016303252
DEBUG - Updated level with delta: 0.016987261
DEBUG - Updated level with delta: 0.016380141
DEBUG - Updated level with delta: 0.016761404
DEBUG - Updated level with delta: 0.016909983
DEBUG - Updated level with delta: 0.016683286
DEBUG - Updated level with delta: 0.016733634
DEBUG - Updated level with delta: 0.016693396
DEBUG - Updated level with delta: 0.016300942
DEBUG - Updated level with delta: 0.016248333
DEBUG - Updated level with delta: 0.01639561
DEBUG - Updated level with delta: 0.016679816
DEBUG - Updated level with delta: 0.016643108
DEBUG - Updated level with delta: 0.016652886
DEBUG - Updated level with delta: 0.016639017
DEBUG - Updated level with delta: 0.016518549
DEBUG - Updated level with delta: 0.016918872
DEBUG - Updated level with delta: 0.01654404
DEBUG - Updated level with delta: 0.016805914
DEBUG - Updated level with delta: 0.016642946
DEBUG - Updated level with delta: 0.016758996
DEBUG - Updated level with delta: 0.016228373
DEBUG - Updated level with delta: 0.016178524
DEBUG - Updated level with delta: 0.01645858
DEBUG - Updated level with delta: 0.016725265
DEBUG - Updated level with delta: 0.016666627
DEBUG - Updated level with delta: 0.016667336
DEBUG - Updated level with delta: 0.016675867
DEBUG - Updated level with delta: 0.016675736
DEBUG - Updated level with delta: 0.016667017
DEBUG - Updated level with delta: 0.016814664
DEBUG - Updated level with delta: 0.016651376
DEBUG - Updated level with delta: 0.016225503
DEBUG - Updated level with delta: 0.016097036
DEBUG - Updated level with delta: 0.016925152
DEBUG - Updated level with delta: 0.016399071
DEBUG - Updated level with delta: 0.016816904
DEBUG - Updated level with delta: 0.016337171
DEBUG - Updated level with delta: 0.016853304
DEBUG - Updated level with delta: 0.016698696
DEBUG - Updated level with delta: 0.016655656
DEBUG - Updated level with delta: 0.016694857
DEBUG - Updated level with delta: 0.016675877
DEBUG - Updated level with delta: 0.016660536
DEBUG - Updated level with delta: 0.016680676
DEBUG - Updated level with delta: 0.016703707
DEBUG - Updated level with delta: 0.016631957
DEBUG - Updated level with delta: 0.016610217
DEBUG - Updated level with delta: 0.016795414
DEBUG - Updated level with delta: 0.016590298
DEBUG - Updated level with delta: 0.016376911
DEBUG - Updated level with delta: 0.016985592
DEBUG - Updated level with delta: 0.016686166
DEBUG - Updated level with delta: 0.016704446
DEBUG - Updated level with delta: 0.016751815
DEBUG - Updated level with delta: 0.016572218
DEBUG - Updated level with delta: 0.016680206
DEBUG - Updated level with delta: 0.016669377
DEBUG - Updated level with delta: 0.016676536
DEBUG - Updated level with delta: 0.016650777
DEBUG - Updated level with delta: 0.016701216
DEBUG - Updated level with delta: 0.016742095
DEBUG - Updated level with delta: 0.016164265
DEBUG - Updated level with delta: 0.016282092
DEBUG - Updated level with delta: 0.016545188
DEBUG - Updated level with delta: 0.016664217
DEBUG - Updated level with delta: 0.016638937
DEBUG - Updated level with delta: 0.016680586
DEBUG - Updated level with delta: 0.016701567
DEBUG - Updated level with delta: 0.016668897
DEBUG - Updated level with delta: 0.016183234
DEBUG - Updated level with delta: 0.016187644
DEBUG - Updated level with delta: 0.016663538
DEBUG - Updated level with delta: 0.016593977
DEBUG - Updated level with delta: 0.016567189
DEBUG - Updated level with delta: 0.016342982
DEBUG - Updated level with delta: 0.016703297
DEBUG - Updated level with delta: 0.016262523
DEBUG - Updated level with delta: 0.016675277
DEBUG - Updated level with delta: 0.016522259
DEBUG - Updated level with delta: 0.016405291
DEBUG - Updated level with delta: 0.016753646
DEBUG - Updated level with delta: 0.016953993
DEBUG - Updated level with delta: 0.016317512
DEBUG - Updated level with delta: 0.016092876
DEBUG - Updated level with delta: 0.016923823
DEBUG - Updated level with delta: 0.016362841
DEBUG - Updated level with delta: 0.016921424
DEBUG - Updated level with delta: 0.016398731
DEBUG - Updated level with delta: 0.016711026
DEBUG - Updated level with delta: 0.016382091
DEBUG - Updated level with delta: 0.016968683
DEBUG - Updated level with delta: 0.016666597
DEBUG - Updated level with delta: 0.016625777
DEBUG - Updated level with delta: 0.016713507
DEBUG - Updated level with delta: 0.016782725
DEBUG - Updated level with delta: 0.016682066
DEBUG - Updated level with delta: 0.016618828
DEBUG - Updated level with delta: 0.016560439
DEBUG - Updated level with delta: 0.016742246
DEBUG - Updated level with delta: 0.016651557
DEBUG - Updated level with delta: 0.016603439
DEBUG - Updated level with delta: 0.016749725
DEBUG - Updated level with delta: 0.016571599
DEBUG - Updated level with delta: 0.016715306
DEBUG - Updated level with delta: 0.016708136
DEBUG - Updated level with delta: 0.016670517
DEBUG - Updated level with delta: 0.016648338
DEBUG - Updated level with delta: 0.016850294
DEBUG - Updated level with delta: 0.01647996
DEBUG - Updated level with delta: 0.016732616
DEBUG - Updated level with delta: 0.016646407
DEBUG - Updated level with delta: 0.016675737
DEBUG - Updated level with delta: 0.016679237
DEBUG - Updated level with delta: 0.01646166
DEBUG - Updated level with delta: 0.016768575
DEBUG - Updated level with delta: 0.016825385
DEBUG - Updated level with delta: 0.016693147
DEBUG - Updated level with delta: 0.016661757
DEBUG - Updated level with delta: 0.016679827
DEBUG - Updated level with delta: 0.016613888
DEBUG - Updated level with delta: 0.016684656
DEBUG - Updated level with delta: 0.016683367
DEBUG - Updated level with delta: 0.016733846
DEBUG - Updated level with delta: 0.016625677
DEBUG - Updated level with delta: 0.016762416
DEBUG - Updated level with delta: 0.016691536
DEBUG - Updated level with delta: 0.016383561
DEBUG - Updated level with delta: 0.016284224
DEBUG - Updated level with delta: 0.016275763
DEBUG - Updated level with delta: 0.016711117
DEBUG - Updated level with delta: 0.016782006
DEBUG - Updated level with delta: 0.016764606
DEBUG - Updated level with delta: 0.016572788
DEBUG - Updated level with delta: 0.016556669
DEBUG - Updated level with delta: 0.016345983
DEBUG - Updated level with delta: 0.016981852
DEBUG - Updated level with delta: 0.016868585
DEBUG - Updated level with delta: 0.016567308
INFO - Loaded level 1
INFO - Restarted level 1
DEBUG - Updated level with delta: 0.016969873
DEBUG - Updated level with delta: 0.050061312
DEBUG - Updated level with delta: 0.013065312
DEBUG - Updated level with delta: 0.002293565
DEBUG - Updated level with delta: 0.016613078
DEBUG - Updated level with delta: 0.016577169
DEBUG - Updated level with delta: 0.016710937
DEBUG - Updated level with delta: 0.016840615
DEBUG - Updated level with delta: 0.016595548
DEBUG - Updated level with delta: 0.016588999
DEBUG - Updated level with delta: 0.016721257
DEBUG - Updated level with delta: 0.016583258
DEBUG - Updated level with delta: 0.016099047
DEBUG - Updated level with delta: 0.016356542
DEBUG - Updated level with delta: 0.016814915
DEBUG - Updated level with delta: 0.016419071
DEBUG - Updated level with delta: 0.016744936
DEBUG - Updated level with delta: 0.016635468
DEBUG - Updated level with delta: 0.016646438
DEBUG - Updated level with delta: 0.016707707
DEBUG - Updated level with delta: 0.016703637
DEBUG - Updated level with delta: 0.016668106
DEBUG - Updated level with delta: 0.016478621
DEBUG - Updated level with delta: 0.015968379
DEBUG - Updated level with delta: 0.01713329
DEBUG - Updated level with delta: 0.016377932
DEBUG - Updated level with delta: 0.016313222
DEBUG - Updated level with delta: 0.016647918
DEBUG - Updated level with delta: 0.016710306
DEBUG - Updated level with delta: 0.016671518
DEBUG - Updated level with delta: 0.016672707
DEBUG - Updated level with delta: 0.016639629
DEBUG - Updated level with delta: 0.016670636
DEBUG - Updated level with delta: 0.016705227
DEBUG - Updated level with delta: 0.016704127
DEBUG - Updated level with delta: 0.016596089
DEBUG - Updated level with delta: 0.01711003
DEBUG - Updated level with delta: 0.016263324
DEBUG - Updated level with delta: 0.016661077
DEBUG - Updated level with delta: 0.016764406
DEBUG - Updated level with delta: 0.016695147
DEBUG - Updated level with delta: 0.016592968
DEBUG - Updated level with delta: 0.016677418
DEBUG - Updated level with delta: 0.016689657
DEBUG - Updated level with delta: 0.016627968
DEBUG - Updated level with delta: 0.016696857
DEBUG - Updated level with delta: 0.017707552
DEBUG - Updated level with delta: 0.016654348
DEBUG - Updated level with delta: 0.016874034
DEBUG - Updated level with delta: 0.016478411
DEBUG - Updated level with delta: 0.016765706
DEBUG - Updated level with delta: 0.016588469
DEBUG - Updated level with delta: 0.016751866
DEBUG - Updated level with delta: 0.016550641
DEBUG - Updated level with delta: 0.016725457
DEBUG - Updated level with delta: 0.016397262
DEBUG - Updated level with delta: 0.016976833
DEBUG - Updated level with delta: 0.016759316
DEBUG - Updated level with delta: 0.016351083
DEBUG - Updated level with delta: 0.01586004
DEBUG - Updated level with delta: 0.01787714
DEBUG - Updated level with delta: 0.016135706
DEBUG - Updated level with delta: 0.016091837
DEBUG - Updated level with delta: 0.016690557
DEBUG - Updated level with delta: 0.016668958
DEBUG - Updated level with delta: 0.016790606
DEBUG - Updated level with delta: 0.01655262
DEBUG - Updated level with delta: 0.016965183
DEBUG - Updated level with delta: 0.016325703
DEBUG - Updated level with delta: 0.016658368
DEBUG - Updated level with delta: 0.016697328
DEBUG - Updated level with delta: 0.016590009
DEBUG - Updated level with delta: 0.016690197
DEBUG - Updated level with delta: 0.016740327
DEBUG - Updated level with delta: 0.017116761
DEBUG - Updated level with delta: 0.016281834
DEBUG - Updated level with delta: 0.016910305
DEBUG - Updated level with delta: 0.016701707
DEBUG - Updated level with delta: 0.016329573
DEBUG - Updated level with delta: 0.016635008
DEBUG - Updated level with delta: 0.016792276
DEBUG - Updated level with delta: 0.017475256
DEBUG - Updated level with delta: 0.015957239
DEBUG - Updated level with delta: 0.016553979
DEBUG - Updated level with delta: 0.017029953
DEBUG - Updated level with delta: 0.016808446
DEBUG - Updated level with delta: 0.016211594
DEBUG - Updated level with delta: 0.016663598
DEBUG - Updated level with delta: 0.016704528
DEBUG - Updated level with delta: 0.01653732
DEBUG - Updated level with delta: 0.025686591
DEBUG - Updated level with delta: 0.016796616
DEBUG - Updated level with delta: 0.016721057
DEBUG - Updated level with delta: 0.016664448
DEBUG - Updated level with delta: 0.016802756
DEBUG - Updated level with delta: 0.016964514
DEBUG - Updated level with delta: 0.016207274
DEBUG - Updated level with delta: 0.016674258
DEBUG - Updated level with delta: 0.016753066
DEBUG - Updated level with delta: 0.016989934
DEBUG - Updated level with delta: 0.016987882
DEBUG - Updated level with delta: 0.017059543
DEBUG - Updated level with delta: 0.016994883
DEBUG - Updated level with delta: 0.016317073
DEBUG - Updated level with delta: 0.016661647
DEBUG - Updated level with delta: 0.016850356
DEBUG - Updated level with delta: 0.016946603
DEBUG - Updated level with delta: 0.016237045
DEBUG - Updated level with delta: 0.016674688
DEBUG - Updated level with delta: 0.016394292
DEBUG - Updated level with delta: 0.016994594
DEBUG - Updated level with delta: 0.016660289
DEBUG - Updated level with delta: 0.016744677
DEBUG - Updated level with delta: 0.016536829
DEBUG - Updated level with delta: 0.016696818
DEBUG - Updated level with delta: 0.016733998
DEBUG - Updated level with delta: 0.016650219
DEBUG - Updated level with delta: 0.016318534
DEBUG - Updated level with delta: 0.017024113
DEBUG - Updated level with delta: 0.016852405
DEBUG - Updated level with delta: 0.016460452
DEBUG - Updated level with delta: 0.016726997
DEBUG - Updated level with delta: 0.016670879
DEBUG - Updated level with delta: 0.016619349
DEBUG - Updated level with delta: 0.016073797
DEBUG - Updated level with delta: 0.016314704
DEBUG - Updated level with delta: 0.016676018
DEBUG - Updated level with delta: 0.016314144
DEBUG - Updated level with delta: 0.017061922
DEBUG - Updated level with delta: 0.016268034
DEBUG - Updated level with delta: 0.017057513
DEBUG - Updated level with delta: 0.0165917
DEBUG - Updated level with delta: 0.016671448
DEBUG - Updated level with delta: 0.016686337
DEBUG - Updated level with delta: 0.016667919
DEBUG - Updated level with delta: 0.016667748
DEBUG - Updated level with delta: 0.016336224
DEBUG - Updated level with delta: 0.017026603
DEBUG - Updated level with delta: 0.016666688
DEBUG - Updated level with delta: 0.016701068
DEBUG - Updated level with delta: 0.016239085
DEBUG - Updated level with delta: 0.016066477
DEBUG - Updated level with delta: 0.016744588
DEBUG - Updated level with delta: 0.016627589
DEBUG - Updated level with delta: 0.016887125
DEBUG - Updated level with delta: 0.016425571
DEBUG - Updated level with delta: 0.016734478
DEBUG - Updated level with delta: 0.016693858
DEBUG - Updated level with delta: 0.016651048
DEBUG - Updated level with delta: 0.016776527
DEBUG - Updated level with delta: 0.016545951
DEBUG - Updated level with delta: 0.016771536
DEBUG - Updated level with delta: 0.016507451
DEBUG - Updated level with delta: 0.016051418
DEBUG - Updated level with delta: 0.01653758
DEBUG - Updated level with delta: 0.016500921
DEBUG - Updated level with delta: 0.016720228
DEBUG - Updated level with delta: 0.016641128
DEBUG - Updated level with delta: 0.016699548
DEBUG - Updated level with delta: 0.016653148
DEBUG - Updated level with delta: 0.016740218
DEBUG - Updated level with delta: 0.016609979
DEBUG - Updated level with delta: 0.016736947
DEBUG - Updated level with delta: 0.016956704
DEBUG - Updated level with delta: 0.016380303
DEBUG - Updated level with delta: 0.016161776
DEBUG - Updated level with delta: 0.016148646
DEBUG - Updated level with delta: 0.01663656
DEBUG - Updated level with delta: 0.016745768
DEBUG - Updated level with delta: 0.016145236
DEBUG - Updated level with delta: 0.016407823
DEBUG - Updated level with delta: 0.016423032
DEBUG - Updated level with delta: 0.016721448
DEBUG - Updated level with delta: 0.016644209
DEBUG - Updated level with delta: 0.016672569
DEBUG - Updated level with delta: 0.01661215
DEBUG - Updated level with delta: 0.016754748
DEBUG - Updated level with delta: 0.016949134
DEBUG - Updated level with delta: 0.016399573
DEBUG - Updated level with delta: 0.016263075
DEBUG - Updated level with delta: 0.017053743
DEBUG - Updated level with delta: 0.016229015
DEBUG - Updated level with delta: 0.016329855
DEBUG - Updated level with delta: 0.016423432
DEBUG - Updated level with delta: 0.016749858
DEBUG - Updated level with delta: 0.016619389
DEBUG - Updated level with delta: 0.01665374
DEBUG - Updated level with delta: 0.016701018
DEBUG - Updated level with delta: 0.016725728
DEBUG - Updated level with delta: 0.016422862
DEBUG - Updated level with delta: 0.016920625
DEBUG - Updated level with delta: 0.016936005
DEBUG - Updated level with delta: 0.016452802
DEBUG - Updated level with delta: 0.0165662
DEBUG - Updated level with delta: 0.016706268
DEBUG - Updated level with delta: 0.016764448
DEBUG - Updated level with delta: 0.016493812
DEBUG - Updated level with delta: 0.016769297
DEBUG - Updated level with delta: 0.016266335
DEBUG - Updated level with delta: 0.016117247
DEBUG - Updated level with delta: 0.016967935
DEBUG - Updated level with delta: 0.016376303
DEBUG - Updated level with delta: 0.016844466
DEBUG - Updated level with delta: 0.016501251
DEBUG - Updated level with delta: 0.016994984
DEBUG - Updated level with delta: 0.016749918
DEBUG - Updated level with delta: 0.016360403
DEBUG - Updated level with delta: 0.016648959
DEBUG - Updated level with delta: 0.01661647
DEBUG - Updated level with delta: 0.016049168
DEBUG - Updated level with delta: 0.016246315
DEBUG - Updated level with delta: 0.016691701
DEBUG - Updated level with delta: 0.016661568
DEBUG - Updated level with delta: 0.016675009
DEBUG - Updated level with delta: 0.016665899
DEBUG - Updated level with delta: 0.016663128
DEBUG - Updated level with delta: 0.016714628
DEBUG - Updated level with delta: 0.016661299
DEBUG - Updated level with delta: 0.016725668
DEBUG - Updated level with delta: 0.016171836
DEBUG - Updated level with delta: 0.016275615
DEBUG - Updated level with delta: 0.016137866
DEBUG - Updated level with delta: 0.016172416
DEBUG - Updated level with delta: 0.016491922
DEBUG - Updated level with delta: 0.016665428
DEBUG - Updated level with delta: 0.016679129
DEBUG - Updated level with delta: 0.016658929
DEBUG - Updated level with delta: 0.016714578
DEBUG - Updated level with delta: 0.01660181
DEBUG - Updated level with delta: 0.017089113
DEBUG - Updated level with delta: 0.017126343
DEBUG - Updated level with delta: 0.016194976
DEBUG - Updated level with delta: 0.017339149
DEBUG - Updated level with delta: 0.01599484
DEBUG - Updated level with delta: 0.017107092
DEBUG - Updated level with delta: 0.016961295
DEBUG - Updated level with delta: 0.01667681
DEBUG - Updated level with delta: 0.016731988
DEBUG - Updated level with delta: 0.017038634
DEBUG - Updated level with delta: 0.016282295
DEBUG - Updated level with delta: 0.01666641
DEBUG - Updated level with delta: 0.016652599
DEBUG - Updated level with delta: 0.016697038
DEBUG - Updated level with delta: 0.016247996
DEBUG - Updated level with delta: 0.016168517
DEBUG - Updated level with delta: 0.016537631
DEBUG - Updated level with delta: 0.016684609
DEBUG - Updated level with delta: 0.016713769
DEBUG - Updated level with delta: 0.017491897
DEBUG - Updated level with delta: 0.016953665
DEBUG - Updated level with delta: 0.016689669
DEBUG - Updated level with delta: 0.016556501
DEBUG - Updated level with delta: 0.016964925
DEBUG - Updated level with delta: 0.016022899
DEBUG - Updated level with delta: 0.016823147
DEBUG - Updated level with delta: 0.016921965
DEBUG - Updated level with delta: 0.016376644
DEBUG - Updated level with delta: 0.016209677
DEBUG - Updated level with delta: 0.016350073
DEBUG - Updated level with delta: 0.01667445
DEBUG - Updated level with delta: 0.016900435
DEBUG - Updated level with delta: 0.016466783
DEBUG - Updated level with delta: 0.016729358
DEBUG - Updated level with delta: 0.016753868
DEBUG - Updated level with delta: 0.016999844
DEBUG - Updated level with delta: 0.016844137
DEBUG - Updated level with delta: 0.016460494
DEBUG - Updated level with delta: 0.016272794
DEBUG - Updated level with delta: 0.017501866
DEBUG - Updated level with delta: 0.016107138
DEBUG - Updated level with delta: 0.016944375
DEBUG - Updated level with delta: 0.016109138
DEBUG - Updated level with delta: 0.016678709
DEBUG - Updated level with delta: 0.016697979
DEBUG - Updated level with delta: 0.016655271
DEBUG - Updated level with delta: 0.016660648
DEBUG - Updated level with delta: 0.016704289
DEBUG - Updated level with delta: 0.01668317
DEBUG - Updated level with delta: 0.016632779
DEBUG - Updated level with delta: 0.016656709
DEBUG - Updated level with delta: 0.016753968
DEBUG - Updated level with delta: 0.016888537
DEBUG - Updated level with delta: 0.016550191
DEBUG - Updated level with delta: 0.016521651
DEBUG - Updated level with delta: 0.016717829
DEBUG - Updated level with delta: 0.01661902
DEBUG - Updated level with delta: 0.017376628
DEBUG - Updated level with delta: 0.01596395
DEBUG - Updated level with delta: 0.016801068
DEBUG - Updated level with delta: 0.016608051
DEBUG - Updated level with delta: 0.01663256
DEBUG - Updated level with delta: 0.016728459
DEBUG - Updated level with delta: 0.017724063
DEBUG - Updated level with delta: 0.016600041
DEBUG - Updated level with delta: 0.017022185
DEBUG - Updated level with delta: 0.016916306
DEBUG - Updated level with delta: 0.016294455
DEBUG - Updated level with delta: 0.016571531
DEBUG - Updated level with delta: 0.016649191
DEBUG - Updated level with delta: 0.016090508
DEBUG - Updated level with delta: 0.016164377
DEBUG - Updated level with delta: 0.017678994
DEBUG - Updated level with delta: 0.016655391
DEBUG - Updated level with delta: 0.01663308
DEBUG - Updated level with delta: 0.016127739
DEBUG - Updated level with delta: 0.016246915
DEBUG - Updated level with delta: 0.01734445
DEBUG - Updated level with delta: 0.016195607
DEBUG - Updated level with delta: 0.016549801
DEBUG - Updated level with delta: 0.016619812
DEBUG - Updated level with delta: 0.016926735
DEBUG - Updated level with delta: 0.017447808
DEBUG - Updated level with delta: 0.016799989
DEBUG - Updated level with delta: 0.016527971
DEBUG - Updated level with delta: 0.016800508
DEBUG - Updated level with delta: 0.016365085
DEBUG - Updated level with delta: 0.016688979
DEBUG - Updated level with delta: 0.015881821
DEBUG - Updated level with delta: 0.01663677
DEBUG - Updated level with delta: 0.016879037
DEBUG - Updated level with delta: 0.017387639
DEBUG - Updated level with delta: 0.016915906
DEBUG - Updated level with delta: 0.01665754
DEBUG - Updated level with delta: 0.016784769
DEBUG - Updated level with delta: 0.016068118
DEBUG - Updated level with delta: 0.016170138
DEBUG - Updated level with delta: 0.01654956
DEBUG - Updated level with delta: 0.01666364
DEBUG - Updated level with delta: 0.016661061
DEBUG - Updated level with delta: 0.016728998
DEBUG - Updated level with delta: 0.016662912
DEBUG - Updated level with delta: 0.017620664
DEBUG - Updated level with delta: 0.016570361
DEBUG - Updated level with delta: 0.016968725
DEBUG - Updated level with delta: 0.016361224
DEBUG - Updated level with delta: 0.016826448
DEBUG - Updated level with delta: 0.016804407
DEBUG - Updated level with delta: 0.016587941
DEBUG - Updated level with delta: 0.016728479
DEBUG - Updated level with delta: 0.016151488
DEBUG - Updated level with delta: 0.016218956
DEBUG - Updated level with delta: 0.016560911
DEBUG - Updated level with delta: 0.01670051
DEBUG - Updated level with delta: 0.016732769
DEBUG - Updated level with delta: 0.017633775
DEBUG - Updated level with delta: 0.016043689
DEBUG - Updated level with delta: 0.017172672
DEBUG - Updated level with delta: 0.016914456
DEBUG - Updated level with delta: 0.01665189
DEBUG - Updated level with delta: 0.016821528
DEBUG - Updated level with delta: 0.016446384
DEBUG - Updated level with delta: 0.016697019
DEBUG - Updated level with delta: 0.016385465
DEBUG - Updated level with delta: 0.016653331
DEBUG - Updated level with delta: 0.016487183
DEBUG - Updated level with delta: 0.016718348
DEBUG - Updated level with delta: 0.016288487
DEBUG - Updated level with delta: 0.017263441
DEBUG - Updated level with delta: 0.016315625
DEBUG - Updated level with delta: 0.016224247
DEBUG - Updated level with delta: 0.017004596
DEBUG - Updated level with delta: 0.016348304
DEBUG - Updated level with delta: 0.016659281
DEBUG - Updated level with delta: 0.016684269
DEBUG - Updated level with delta: 0.017092144
DEBUG - Updated level with delta: 0.016311736
DEBUG - Updated level with delta: 0.01665563
DEBUG - Updated level with delta: 0.016670321
DEBUG - Updated level with delta: 0.01666769
DEBUG - Updated level with delta: 0.016990466
DEBUG - Updated level with delta: 0.017210332
DEBUG - Updated level with delta: 0.016267536
DEBUG - Updated level with delta: 0.016271686
DEBUG - Updated level with delta: 0.016639161
DEBUG - Updated level with delta: 0.016635481
DEBUG - Updated level with delta: 0.016920706
DEBUG - Updated level with delta: 0.016564032
DEBUG - Updated level with delta: 0.016554282
DEBUG - Updated level with delta: 0.016695629
DEBUG - Updated level with delta: 0.016709031
DEBUG - Updated level with delta: 0.017544556
DEBUG - Updated level with delta: 0.016764828
DEBUG - Updated level with delta: 0.016662371
DEBUG - Updated level with delta: 0.016642271
DEBUG - Updated level with delta: 0.016196857
DEBUG - Updated level with delta: 0.016532202
DEBUG - Updated level with delta: 0.016345095
DEBUG - Updated level with delta: 0.01668952
DEBUG - Updated level with delta: 0.01671648
DEBUG - Updated level with delta: 0.016577342
DEBUG - Updated level with delta: 0.016613541
DEBUG - Updated level with delta: 0.017889522
DEBUG - Updated level with delta: 0.016882587
DEBUG - Updated level with delta: 0.016317826
DEBUG - Updated level with delta: 0.0159674
DEBUG - Updated level with delta: 0.016581722
DEBUG - Updated level with delta: 0.017225911
DEBUG - Updated level with delta: 0.016264097
DEBUG - Updated level with delta: 0.016336975
DEBUG - Updated level with delta: 0.016892986
DEBUG - Updated level with delta: 0.016516524
DEBUG - Updated level with delta: 0.01659405
DEBUG - Updated level with delta: 0.01667999
DEBUG - Updated level with delta: 0.01664677
DEBUG - Updated level with delta: 0.01740313
DEBUG - Updated level with delta: 0.016590361
DEBUG - Updated level with delta: 0.016872268
DEBUG - Updated level with delta: 0.015893911
DEBUG - Updated level with delta: 0.017242012
DEBUG - Updated level with delta: 0.016940447
DEBUG - Updated level with delta: 0.016906287
DEBUG - Updated level with delta: 0.016619872
DEBUG - Updated level with delta: 0.016739699
DEBUG - Updated level with delta: 0.016653831
DEBUG - Updated level with delta: 0.016482304
DEBUG - Updated level with delta: 0.016836628
DEBUG - Updated level with delta: 0.0166911
DEBUG - Updated level with delta: 0.016650051
DEBUG - Updated level with delta: 0.016174289
DEBUG - Updated level with delta: 0.016138958
DEBUG - Updated level with delta: 0.017014656
DEBUG - Updated level with delta: 0.017297373
DEBUG - Updated level with delta: 0.01657355
DEBUG - Updated level with delta: 0.016962046
DEBUG - Updated level with delta: 0.016143009
DEBUG - Updated level with delta: 0.01602142
DEBUG - Updated level with delta: 0.016668641
DEBUG - Updated level with delta: 0.016636131
DEBUG - Updated level with delta: 0.01675073
DEBUG - Updated level with delta: 0.017502489
DEBUG - Updated level with delta: 0.016811968
DEBUG - Updated level with delta: 0.016770499
DEBUG - Updated level with delta: 0.016843028
DEBUG - Updated level with delta: 0.016536993
DEBUG - Updated level with delta: 0.01669433
DEBUG - Updated level with delta: 0.016192428
DEBUG - Updated level with delta: 0.016125459
DEBUG - Updated level with delta: 0.017255711
DEBUG - Updated level with delta: 0.017013006
DEBUG - Updated level with delta: 0.01676687
DEBUG - Updated level with delta: 0.01666714
DEBUG - Updated level with delta: 0.016594322
DEBUG - Updated level with delta: 0.01674433
DEBUG - Updated level with delta: 0.016655901
DEBUG - Updated level with delta: 0.01672007
DEBUG - Updated level with delta: 0.016630812
DEBUG - Updated level with delta: 0.01667099
DEBUG - Updated level with delta: 0.016113639
DEBUG - Updated level with delta: 0.016347235
DEBUG - Updated level with delta: 0.016565283
DEBUG - Updated level with delta: 0.016725379
DEBUG - Updated level with delta: 0.016669341
DEBUG - Updated level with delta: 0.016585232
DEBUG - Updated level with delta: 0.016634881
DEBUG - Updated level with delta: 0.016773009
DEBUG - Updated level with delta: 0.016564992
DEBUG - Updated level with delta: 0.01673363
DEBUG - Updated level with delta: 0.017556756
DEBUG - Updated level with delta: 0.016964137
DEBUG - Updated level with delta: 0.016575332
DEBUG - Updated level with delta: 0.015996011
DEBUG - Updated level with delta: 0.016335176
DEBUG - Updated level with delta: 0.016559053
DEBUG - Updated level with delta: 0.01671889
DEBUG - Updated level with delta: 0.016619771
DEBUG - Updated level with delta: 0.017371
DEBUG - Updated level with delta: 0.016025451
DEBUG - Updated level with delta: 0.01665063
DEBUG - Updated level with delta: 0.016699761
DEBUG - Updated level with delta: 0.016653191
DEBUG - Updated level with delta: 0.016787499
DEBUG - Updated level with delta: 0.017515518
DEBUG - Updated level with delta: 0.016722161
DEBUG - Updated level with delta: 0.016199319
DEBUG - Updated level with delta: 0.016136289
DEBUG - Updated level with delta: 0.016658261
DEBUG - Updated level with delta: 0.016680101
DEBUG - Updated level with delta: 0.016829358
DEBUG - Updated level with delta: 0.016525974
DEBUG - Updated level with delta: 0.016645661
DEBUG - Updated level with delta: 0.01740543
DEBUG - Updated level with delta: 0.016892736
DEBUG - Updated level with delta: 0.01690051
DEBUG - Updated level with delta: 0.016615411
DEBUG - Updated level with delta: 0.016174379
DEBUG - Updated level with delta: 0.01606616
DEBUG - Updated level with delta: 0.017053725
DEBUG - Updated level with delta: 0.016610352
DEBUG - Updated level with delta: 0.016503644
DEBUG - Updated level with delta: 0.016540903
DEBUG - Updated level with delta: 0.01678443
DEBUG - Updated level with delta: 0.016602032
DEBUG - Updated level with delta: 0.016675631
DEBUG - Updated level with delta: 0.016664811
DEBUG - Updated level with delta: 0.016672871
DEBUG - Updated level with delta: 0.017236312
DEBUG - Updated level with delta: 0.016189218
DEBUG - Updated level with delta: 0.016596913
DEBUG - Updated level with delta: 0.016756661
DEBUG - Updated level with delta: 0.016612341
DEBUG - Updated level with delta: 0.01678547
DEBUG - Updated level with delta: 0.017413579
DEBUG - Updated level with delta: 0.016459455
DEBUG - Updated level with delta: 0.016890578
DEBUG - Updated level with delta: 0.016837238
DEBUG - Updated level with delta: 0.016764209
DEBUG - Updated level with delta: 0.016624382
DEBUG - Updated level with delta: 0.016649522
DEBUG - Updated level with delta: 0.016638131
DEBUG - Updated level with delta: 0.01672248
DEBUG - Updated level with delta: 0.016647742
DEBUG - Updated level with delta: 0.016202628
DEBUG - Updated level with delta: 0.01603953
DEBUG - Updated level with delta: 0.01675125
DEBUG - Updated level with delta: 0.016783849
DEBUG - Updated level with delta: 0.01674861
DEBUG - Updated level with delta: 0.016560083
DEBUG - Updated level with delta: 0.016605842
DEBUG - Updated level with delta: 0.016655871
DEBUG - Updated level with delta: 0.017704076
DEBUG - Updated level with delta: 0.016293387
DEBUG - Updated level with delta: 0.01602976
DEBUG - Updated level with delta: 0.016677901
DEBUG - Updated level with delta: 0.01746165
DEBUG - Updated level with delta: 0.01607494
DEBUG - Updated level with delta: 0.016474674
DEBUG - Updated level with delta: 0.016746539
DEBUG - Updated level with delta: 0.016607332
DEBUG - Updated level with delta: 0.017550539
DEBUG - Updated level with delta: 0.016894058
DEBUG - Updated level with delta: 0.016604772
DEBUG - Updated level with delta: 0.016961087
DEBUG - Updated level with delta: 0.016569443
DEBUG - Updated level with delta: 0.016567424
DEBUG - Updated level with delta: 0.016670021
DEBUG - Updated level with delta: 0.016685272
DEBUG - Updated level with delta: 0.016246657
DEBUG - Updated level with delta: 0.016415356
DEBUG - Updated level with delta: 0.016860168
DEBUG - Updated level with delta: 0.01610239
DEBUG - Updated level with delta: 0.016720741
DEBUG - Updated level with delta: 0.01747305
DEBUG - Updated level with delta: 0.016890888
DEBUG - Updated level with delta: 0.016696231
DEBUG - Updated level with delta: 0.017036326
DEBUG - Updated level with delta: 0.016370186
DEBUG - Updated level with delta: 0.016587913
DEBUG - Updated level with delta: 0.016692311
DEBUG - Updated level with delta: 0.016864129
DEBUG - Updated level with delta: 0.016082901
DEBUG - Updated level with delta: 0.016364366
DEBUG - Updated level with delta: 0.016847498
DEBUG - Updated level with delta: 0.016161409
DEBUG - Updated level with delta: 0.016647362
DEBUG - Updated level with delta: 0.01675805
DEBUG - Updated level with delta: 0.016591763
DEBUG - Updated level with delta: 0.01738745
DEBUG - Updated level with delta: 0.015916403
DEBUG - Updated level with delta: 0.016649832
DEBUG - Updated level with delta: 0.016990276
DEBUG - Updated level with delta: 0.016629753
DEBUG - Updated level with delta: 0.017666917
DEBUG - Updated level with delta: 0.01609639
DEBUG - Updated level with delta: 0.016331237
DEBUG - Updated level with delta: 0.016296106
DEBUG - Updated level with delta: 0.016700031
DEBUG - Updated level with delta: 0.016657772
DEBUG - Updated level with delta: 0.016672931
DEBUG - Updated level with delta: 0.01679136
DEBUG - Updated level with delta: 0.016559564
DEBUG - Updated level with delta: 0.016684901
DEBUG - Updated level with delta: 0.016721011
DEBUG - Updated level with delta: 0.016614801
DEBUG - Updated level with delta: 0.016678902
DEBUG - Updated level with delta: 0.017310382
DEBUG - Updated level with delta: 0.016219028
DEBUG - Updated level with delta: 0.016502655
DEBUG - Updated level with delta: 0.016790669
DEBUG - Updated level with delta: 0.016631043
DEBUG - Updated level with delta: 0.017591137
DEBUG - Updated level with delta: 0.01677023
DEBUG - Updated level with delta: 0.016713561
DEBUG - Updated level with delta: 0.016476435
DEBUG - Updated level with delta: 0.016006121
DEBUG - Updated level with delta: 0.016807609
DEBUG - Updated level with delta: 0.017004527
DEBUG - Updated level with delta: 0.016861219
DEBUG - Updated level with delta: 0.016302417
DEBUG - Updated level with delta: 0.017026677
DEBUG - Updated level with delta: 0.016880268
DEBUG - Updated level with delta: 0.016645163
DEBUG - Updated level with delta: 0.016911608
DEBUG - Updated level with delta: 0.016023222
DEBUG - Updated level with delta: 0.016033822
DEBUG - Updated level with delta: 0.01681021
DEBUG - Updated level with delta: 0.017218044
DEBUG - Updated level with delta: 0.016008291
DEBUG - Updated level with delta: 0.016748621
DEBUG - Updated level with delta: 0.016686082
DEBUG - Updated level with delta: 0.017364402
DEBUG - Updated level with delta: 0.01612226
DEBUG - Updated level with delta: 0.017027217
DEBUG - Updated level with delta: 0.01616413
DEBUG - Updated level with delta: 0.016632222
DEBUG - Updated level with delta: 0.01676579
DEBUG - Updated level with delta: 0.016554764
DEBUG - Updated level with delta: 0.016694331
DEBUG - Updated level with delta: 0.017606509
DEBUG - Updated level with delta: 0.017003367
DEBUG - Updated level with delta: 0.016505424
DEBUG - Updated level with delta: 0.016320348
DEBUG - Updated level with delta: 0.016152138
DEBUG - Updated level with delta: 0.017139536
DEBUG - Updated level with delta: 0.0161399
DEBUG - Updated level with delta: 0.016500625
DEBUG - Updated level with delta: 0.016651782
DEBUG - Updated level with delta: 0.016866489
DEBUG - Updated level with delta: 0.017464521
DEBUG - Updated level with delta: 0.016786259
DEBUG - Updated level with delta: 0.016744072
DEBUG - Updated level with delta: 0.016592152
DEBUG - Updated level with delta: 0.016749172
DEBUG - Updated level with delta: 0.016222299
DEBUG - Updated level with delta: 0.016008841
DEBUG - Updated level with delta: 0.016714322
DEBUG - Updated level with delta: 0.016969787
DEBUG - Updated level with delta: 0.017322973
DEBUG - Updated level with delta: 0.016733971
DEBUG - Updated level with delta: 0.016712761
DEBUG - Updated level with delta: 0.016615863
DEBUG - Updated level with delta: 0.016480484
DEBUG - Updated level with delta: 0.016944787
DEBUG - Updated level with delta: 0.016979738
DEBUG - Updated level with delta: 0.016369757
DEBUG - Updated level with delta: 0.016741971
DEBUG - Updated level with delta: 0.016560303
DEBUG - Updated level with delta: 0.016720351
DEBUG - Updated level with delta: 0.016269978
DEBUG - Updated level with delta: 0.016395826
DEBUG - Updated level with delta: 0.016479495
DEBUG - Updated level with delta: 0.016624682
DEBUG - Updated level with delta: 0.016530565
DEBUG - Updated level with delta: 0.016700401
DEBUG - Updated level with delta: 0.017191385
DEBUG - Updated level with delta: 0.016128169
DEBUG - Updated level with delta: 0.016644143
DEBUG - Updated level with delta: 0.017377211
DEBUG - Updated level with delta: 0.015910614
DEBUG - Updated level with delta: 0.016741831
DEBUG - Updated level with delta: 0.016711212
DEBUG - Updated level with delta: 0.016639222
DEBUG - Updated level with delta: 0.016823701
DEBUG - Updated level with delta: 0.016601013
DEBUG - Updated level with delta: 0.016655853
DEBUG - Updated level with delta: 0.016643513
DEBUG - Updated level with delta: 0.017584628
DEBUG - Updated level with delta: 0.016792081
DEBUG - Updated level with delta: 0.016699362
DEBUG - Updated level with delta: 0.016685133
DEBUG - Updated level with delta: 0.016555894
DEBUG - Updated level with delta: 0.01679192
DEBUG - Updated level with delta: 0.01617608
DEBUG - Updated level with delta: 0.016945108
DEBUG - Updated level with delta: 0.016029912
DEBUG - Updated level with delta: 0.016578184
DEBUG - Updated level with delta: 0.016577514
DEBUG - Updated level with delta: 0.016897049
DEBUG - Updated level with delta: 0.01752389
DEBUG - Updated level with delta: 0.016056911
DEBUG - Updated level with delta: 0.016240139
DEBUG - Updated level with delta: 0.016705402
DEBUG - Updated level with delta: 0.016646883
DEBUG - Updated level with delta: 0.016670502
DEBUG - Updated level with delta: 0.016666403
DEBUG - Updated level with delta: 0.017285733
DEBUG - Updated level with delta: 0.016941718
DEBUG - Updated level with delta: 0.016981548
DEBUG - Updated level with delta: 0.016548145
DEBUG - Updated level with delta: 0.016673172
DEBUG - Updated level with delta: 0.016660273
DEBUG - Updated level with delta: 0.016703982
DEBUG - Updated level with delta: 0.016322247
DEBUG - Updated level with delta: 0.015982323
DEBUG - Updated level with delta: 0.016542814
DEBUG - Updated level with delta: 0.016698062
DEBUG - Updated level with delta: 0.016705602
DEBUG - Updated level with delta: 0.017406281
DEBUG - Updated level with delta: 0.016050492
DEBUG - Updated level with delta: 0.017237884
DEBUG - Updated level with delta: 0.022735273
DEBUG - Updated level with delta: 0.016262499
DEBUG - Updated level with delta: 0.016064211
DEBUG - Updated level with delta: 0.016526804
DEBUG - Updated level with delta: 0.016536025
DEBUG - Updated level with delta: 0.016447436
DEBUG - Updated level with delta: 0.016772121
DEBUG - Updated level with delta: 0.016445975
DEBUG - Updated level with delta: 0.016720862
DEBUG - Updated level with delta: 0.016698312
DEBUG - Updated level with delta: 0.016624003
DEBUG - Updated level with delta: 0.016704652
DEBUG - Updated level with delta: 0.016988958
DEBUG - Updated level with delta: 0.016327588
DEBUG - Updated level with delta: 0.016705792
DEBUG - Updated level with delta: 0.016694302
DEBUG - Updated level with delta: 0.016749371
DEBUG - Updated level with delta: 0.016645233
DEBUG - Updated level with delta: 0.016595363
DEBUG - Updated level with delta: 0.016833901
DEBUG - Updated level with delta: 0.016742092
DEBUG - Updated level with delta: 0.016488086
DEBUG - Updated level with delta: 0.016551164
DEBUG - Updated level with delta: 0.016737812
DEBUG - Updated level with delta: 0.016343328
DEBUG - Updated level with delta: 0.016317368
DEBUG - Updated level with delta: 0.016387467
DEBUG - Updated level with delta: 0.016686353
DEBUG - Updated level with delta: 0.016651493
DEBUG - Updated level with delta: 0.016804351
DEBUG - Updated level with delta: 0.016546905
DEBUG - Updated level with delta: 0.016671593
DEBUG - Updated level with delta: 0.017047367
DEBUG - Updated level with delta: 0.016660504
DEBUG - Updated level with delta: 0.017026297
DEBUG - Updated level with delta: 0.016421267
DEBUG - Updated level with delta: 0.016216529
DEBUG - Updated level with delta: 0.016348738
DEBUG - Updated level with delta: 0.01622006
DEBUG - Updated level with delta: 0.016915879
DEBUG - Updated level with delta: 0.01617233
DEBUG - Updated level with delta: 0.016797491
DEBUG - Updated level with delta: 0.016546175
DEBUG - Updated level with delta: 0.016742371
DEBUG - Updated level with delta: 0.016720393
DEBUG - Updated level with delta: 0.016285439
DEBUG - Updated level with delta: 0.016613313
DEBUG - Updated level with delta: 0.016119701
DEBUG - Updated level with delta: 0.016544695
DEBUG - Updated level with delta: 0.016946719
DEBUG - Updated level with delta: 0.016397777
DEBUG - Updated level with delta: 0.016715082
DEBUG - Updated level with delta: 0.01684089
DEBUG - Updated level with delta: 0.016612914
DEBUG - Updated level with delta: 0.016548235
DEBUG - Updated level with delta: 0.016674083
DEBUG - Updated level with delta: 0.016697712
DEBUG - Updated level with delta: 0.016686873
DEBUG - Updated level with delta: 0.016662213
DEBUG - Updated level with delta: 0.016719452
DEBUG - Updated level with delta: 0.016537885
DEBUG - Updated level with delta: 0.016907149
DEBUG - Updated level with delta: 0.016552235
DEBUG - Updated level with delta: 0.016592774
DEBUG - Updated level with delta: 0.016113241
DEBUG - Updated level with delta: 0.016273509
DEBUG - Updated level with delta: 0.015943283
DEBUG - Updated level with delta: 0.016764022
DEBUG - Updated level with delta: 0.016251169
DEBUG - Updated level with delta: 0.016746162
DEBUG - Updated level with delta: 0.016608944
DEBUG - Updated level with delta: 0.017398282
DEBUG - Updated level with delta: 0.016010103
DEBUG - Updated level with delta: 0.016636653
DEBUG - Updated level with delta: 0.016729312
DEBUG - Updated level with delta: 0.016970079
DEBUG - Updated level with delta: 0.017118076
DEBUG - Updated level with delta: 0.016315298
DEBUG - Updated level with delta: 0.01685483
DEBUG - Updated level with delta: 0.016771842
DEBUG - Updated level with delta: 0.016081402
DEBUG - Updated level with delta: 0.016518536
DEBUG - Updated level with delta: 0.016695943
DEBUG - Updated level with delta: 0.016806371
DEBUG - Updated level with delta: 0.016587155
DEBUG - Updated level with delta: 0.016646414
DEBUG - Updated level with delta: 0.016836181
DEBUG - Updated level with delta: 0.016523165
DEBUG - Updated level with delta: 0.016634444
DEBUG - Updated level with delta: 0.017746977
DEBUG - Updated level with delta: 0.01625586
DEBUG - Updated level with delta: 0.016985279
DEBUG - Updated level with delta: 0.016444457
DEBUG - Updated level with delta: 0.016378037
DEBUG - Updated level with delta: 0.016656554
DEBUG - Updated level with delta: 0.016337828
DEBUG - Updated level with delta: 0.017037188
DEBUG - Updated level with delta: 0.016282869
DEBUG - Updated level with delta: 0.017628211
DEBUG - Updated level with delta: 0.016085971
DEBUG - Updated level with delta: 0.016269639
DEBUG - Updated level with delta: 0.017105947
DEBUG - Updated level with delta: 0.016738312
DEBUG - Updated level with delta: 0.016890531
DEBUG - Updated level with delta: 0.016444816
DEBUG - Updated level with delta: 0.01624769
DEBUG - Updated level with delta: 0.016572925
DEBUG - Updated level with delta: 0.016834711
DEBUG - Updated level with delta: 0.016570235
DEBUG - Updated level with delta: 0.016725663
DEBUG - Updated level with delta: 0.016587785
DEBUG - Updated level with delta: 0.016740622
DEBUG - Updated level with delta: 0.016689173
DEBUG - Updated level with delta: 0.016700783
DEBUG - Updated level with delta: 0.016666524
DEBUG - Updated level with delta: 0.016589774
DEBUG - Updated level with delta: 0.017438102
DEBUG - Updated level with delta: 0.017028088
DEBUG - Updated level with delta: 0.016739492
DEBUG - Updated level with delta: 0.016760752
DEBUG - Updated level with delta: 0.016214821
DEBUG - Updated level with delta: 0.017008509
DEBUG - Updated level with delta: 0.016688932
DEBUG - Updated level with delta: 0.016038084
DEBUG - Updated level with delta: 0.01617625
DEBUG - Updated level with delta: 0.017245844
DEBUG - Updated level with delta: 0.016208132
DEBUG - Updated level with delta: 0.016610113
DEBUG - Updated level with delta: 0.016687173
DEBUG - Updated level with delta: 0.016736112
DEBUG - Updated level with delta: 0.016552595
DEBUG - Updated level with delta: 0.016873391
DEBUG - Updated level with delta: 0.017517461
DEBUG - Updated level with delta: 0.016845241
DEBUG - Updated level with delta: 0.016625033
DEBUG - Updated level with delta: 0.016592455
DEBUG - Updated level with delta: 0.016271149
DEBUG - Updated level with delta: 0.017026668
DEBUG - Updated level with delta: 0.016858511
DEBUG - Updated level with delta: 0.016055133
DEBUG - Updated level with delta: 0.016385348
DEBUG - Updated level with delta: 0.016363819
DEBUG - Updated level with delta: 0.017269015
DEBUG - Updated level with delta: 0.016120402
DEBUG - Updated level with delta: 0.016614175
DEBUG - Updated level with delta: 0.017796816
DEBUG - Updated level with delta: 0.016224521
DEBUG - Updated level with delta: 0.016045183
DEBUG - Updated level with delta: 0.016610175
DEBUG - Updated level with delta: 0.017870837
DEBUG - Updated level with delta: 0.016631993
DEBUG - Updated level with delta: 0.01698865
DEBUG - Updated level with delta: 0.016291889
DEBUG - Updated level with delta: 0.016118832
DEBUG - Updated level with delta: 0.016982469
DEBUG - Updated level with delta: 0.017031119
DEBUG - Updated level with delta: 0.016592175
DEBUG - Updated level with delta: 0.016744473
DEBUG - Updated level with delta: 0.0162351
DEBUG - Updated level with delta: 0.015983174
DEBUG - Updated level with delta: 0.016668164
DEBUG - Updated level with delta: 0.016714313
DEBUG - Updated level with delta: 0.016630144
DEBUG - Updated level with delta: 0.016720513
DEBUG - Updated level with delta: 0.016746713
DEBUG - Updated level with delta: 0.017273555
DEBUG - Updated level with delta: 0.016437377
DEBUG - Updated level with delta: 0.016243221
DEBUG - Updated level with delta: 0.016638204
DEBUG - Updated level with delta: 0.016699433
DEBUG - Updated level with delta: 0.016587135
DEBUG - Updated level with delta: 0.01709212
DEBUG - Updated level with delta: 0.016565204
DEBUG - Updated level with delta: 0.017179715
DEBUG - Updated level with delta: 0.016205491
DEBUG - Updated level with delta: 0.016484367
DEBUG - Updated level with delta: 0.016561765
DEBUG - Updated level with delta: 0.017069319
DEBUG - Updated level with delta: 0.016825321
DEBUG - Updated level with delta: 0.016608615
DEBUG - Updated level with delta: 0.01623156
DEBUG - Updated level with delta: 0.016742863
DEBUG - Updated level with delta: 0.016722013
DEBUG - Updated level with delta: 0.017323594
DEBUG - Updated level with delta: 0.01627256
DEBUG - Updated level with delta: 0.016772663
DEBUG - Updated level with delta: 0.016527877
DEBUG - Updated level with delta: 0.016346447
DEBUG - Updated level with delta: 0.016752273
DEBUG - Updated level with delta: 0.016959319
DEBUG - Updated level with delta: 0.017301524
DEBUG - Updated level with delta: 0.016328209
DEBUG - Updated level with delta: 0.016079843
DEBUG - Updated level with delta: 0.016554596
DEBUG - Updated level with delta: 0.016775112
DEBUG - Updated level with delta: 0.016701213
DEBUG - Updated level with delta: 0.017455052
DEBUG - Updated level with delta: 0.015976205
DEBUG - Updated level with delta: 0.017139576
DEBUG - Updated level with delta: 0.016617705
DEBUG - Updated level with delta: 0.016122073
DEBUG - Updated level with delta: 0.0176773
DEBUG - Updated level with delta: 0.016005433
DEBUG - Updated level with delta: 0.017441233
DEBUG - Updated level with delta: 0.01694442
DEBUG - Updated level with delta: 0.016750153
DEBUG - Updated level with delta: 0.016792372
DEBUG - Updated level with delta: 0.016174942
DEBUG - Updated level with delta: 0.016693224
DEBUG - Updated level with delta: 0.016753953
DEBUG - Updated level with delta: 0.016573036
DEBUG - Updated level with delta: 0.016689904
DEBUG - Updated level with delta: 0.016688824
DEBUG - Updated level with delta: 0.016640315
DEBUG - Updated level with delta: 0.016801002
DEBUG - Updated level with delta: 0.01700396
DEBUG - Updated level with delta: 0.016063803
DEBUG - Updated level with delta: 0.016028714
DEBUG - Updated level with delta: 0.016695174
DEBUG - Updated level with delta: 0.016601026
DEBUG - Updated level with delta: 0.016501426
DEBUG - Updated level with delta: 0.017723239
DEBUG - Updated level with delta: 0.016678804
DEBUG - Updated level with delta: 0.016696624
DEBUG - Updated level with delta: 0.016516496
DEBUG - Updated level with delta: 0.016415078
DEBUG - Updated level with delta: 0.016917941
DEBUG - Updated level with delta: 0.016537425
DEBUG - Updated level with delta: 0.016411989
DEBUG - Updated level with delta: 0.016184351
DEBUG - Updated level with delta: 0.017060269
DEBUG - Updated level with delta: 0.016660814
DEBUG - Updated level with delta: 0.01626888
DEBUG - Updated level with delta: 0.016840582
DEBUG - Updated level with delta: 0.016560397
DEBUG - Updated level with delta: 0.016611714
DEBUG - Updated level with delta: 0.017272206
DEBUG - Updated level with delta: 0.016155782
DEBUG - Updated level with delta: 0.016682054
DEBUG - Updated level with delta: 0.016685384
DEBUG - Updated level with delta: 0.016856472
DEBUG - Updated level with delta: 0.016557816
DEBUG - Updated level with delta: 0.016834962
DEBUG - Updated level with delta: 0.016294009
DEBUG - Updated level with delta: 0.016744674
DEBUG - Updated level with delta: 0.016739063
DEBUG - Updated level with delta: 0.017315115
DEBUG - Updated level with delta: 0.015992914
DEBUG - Updated level with delta: 0.01700246
DEBUG - Updated level with delta: 0.017379314
DEBUG - Updated level with delta: 0.016612725
DEBUG - Updated level with delta: 0.016311889
DEBUG - Updated level with delta: 0.016635325
DEBUG - Updated level with delta: 0.016860542
DEBUG - Updated level with delta: 0.01621721
DEBUG - Updated level with delta: 0.016905611
DEBUG - Updated level with delta: 0.016056123
DEBUG - Updated level with delta: 0.016740494
DEBUG - Updated level with delta: 0.017140247
DEBUG - Updated level with delta: 0.016640266
DEBUG - Updated level with delta: 0.016195472
DEBUG - Updated level with delta: 0.017481912
DEBUG - Updated level with delta: 0.015954155
DEBUG - Updated level with delta: 0.016731414
DEBUG - Updated level with delta: 0.01712467
DEBUG - Updated level with delta: 0.016120572
DEBUG - Updated level with delta: 0.017502182
DEBUG - Updated level with delta: 0.016226301
DEBUG - Updated level with delta: 0.016291191
DEBUG - Updated level with delta: 0.017002589
DEBUG - Updated level with delta: 0.016413789
DEBUG - Updated level with delta: 0.016706644
DEBUG - Updated level with delta: 0.016551477
DEBUG - Updated level with delta: 0.016663285
DEBUG - Updated level with delta: 0.016706694
DEBUG - Updated level with delta: 0.016678744
DEBUG - Updated level with delta: 0.017264825
DEBUG - Updated level with delta: 0.016715586
DEBUG - Updated level with delta: 0.016043163
DEBUG - Updated level with delta: 0.017605351
DEBUG - Updated level with delta: 0.01703284
DEBUG - Updated level with delta: 0.016523216
DEBUG - Updated level with delta: 0.016615206
DEBUG - Updated level with delta: 0.016651105
DEBUG - Updated level with delta: 0.016559776
DEBUG - Updated level with delta: 0.016828842
DEBUG - Updated level with delta: 0.016656905
DEBUG - Updated level with delta: 0.016075303
DEBUG - Updated level with delta: 0.016874142
DEBUG - Updated level with delta: 0.016059823
DEBUG - Updated level with delta: 0.016943551
DEBUG - Updated level with delta: 0.017513221
DEBUG - Updated level with delta: 0.016570398
DEBUG - Updated level with delta: 0.016701114
DEBUG - Updated level with delta: 0.016582386
DEBUG - Updated level with delta: 0.016052834
DEBUG - Updated level with delta: 0.01630029
DEBUG - Updated level with delta: 0.016690304
DEBUG - Updated level with delta: 0.016728375
DEBUG - Updated level with delta: 0.016627685
DEBUG - Updated level with delta: 0.024038116
DEBUG - Updated level with delta: 0.01628813
DEBUG - Updated level with delta: 0.016712665
DEBUG - Updated level with delta: 0.016435098
DEBUG - Updated level with delta: 0.016715274
DEBUG - Updated level with delta: 0.016564346
DEBUG - Updated level with delta: 0.016955241
DEBUG - Updated level with delta: 0.01699487
DEBUG - Updated level with delta: 0.01630664
DEBUG - Updated level with delta: 0.016697424
DEBUG - Updated level with delta: 0.016582376
DEBUG - Updated level with delta: 0.016791783
DEBUG - Updated level with delta: 0.016674665
DEBUG - Updated level with delta: 0.016660875
DEBUG - Updated level with delta: 0.016626204
DEBUG - Updated level with delta: 0.016735865
DEBUG - Updated level with delta: 0.016172952
DEBUG - Updated level with delta: 0.016757373
DEBUG - Updated level with delta: 0.016434008
DEBUG - Updated level with delta: 0.016114154
DEBUG - Updated level with delta: 0.016269261
DEBUG - Updated level with delta: 0.01633792
DEBUG - Updated level with delta: 0.016494997
DEBUG - Updated level with delta: 0.016593976
DEBUG - Updated level with delta: 0.016968631
DEBUG - Updated level with delta: 0.016668335
DEBUG - Updated level with delta: 0.016693465
DEBUG - Updated level with delta: 0.016737844
DEBUG - Updated level with delta: 0.016524177
DEBUG - Updated level with delta: 0.01702423
DEBUG - Updated level with delta: 0.01705253
DEBUG - Updated level with delta: 0.01637144
DEBUG - Updated level with delta: 0.016284281
DEBUG - Updated level with delta: 0.016076354
DEBUG - Updated level with delta: 0.016157172
DEBUG - Updated level with delta: 0.016806123
DEBUG - Updated level with delta: 0.016640756
DEBUG - Updated level with delta: 0.016672626
DEBUG - Updated level with delta: 0.01632465
DEBUG - Updated level with delta: 0.016098554
DEBUG - Updated level with delta: 0.016226172
DEBUG - Updated level with delta: 0.017040609
DEBUG - Updated level with delta: 0.016236932
DEBUG - Updated level with delta: 0.016106694
DEBUG - Updated level with delta: 0.016754674
DEBUG - Updated level with delta: 0.016589546
DEBUG - Updated level with delta: 0.016928661
DEBUG - Updated level with delta: 0.016497528
DEBUG - Updated level with delta: 0.016618086
DEBUG - Updated level with delta: 0.016674625
DEBUG - Updated level with delta: 0.016729365
DEBUG - Updated level with delta: 0.01637478
DEBUG - Updated level with delta: 0.01626155
DEBUG - Updated level with delta: 0.016085274
DEBUG - Updated level with delta: 0.016941831
DEBUG - Updated level with delta: 0.016742954
DEBUG - Updated level with delta: 0.016425618
DEBUG - Updated level with delta: 0.01702385
DEBUG - Updated level with delta: 0.016442849
DEBUG - Updated level with delta: 0.016944301
DEBUG - Updated level with delta: 0.016454229
DEBUG - Updated level with delta: 0.016668535
DEBUG - Updated level with delta: 0.01703868
DEBUG - Updated level with delta: 0.016739525
DEBUG - Updated level with delta: 0.01627548
DEBUG - Updated level with delta: 0.016738934
DEBUG - Updated level with delta: 0.016528497
DEBUG - Updated level with delta: 0.016778064
DEBUG - Updated level with delta: 0.016054264
DEBUG - Updated level with delta: 0.016228422
DEBUG - Updated level with delta: 0.016619936
DEBUG - Updated level with delta: 0.016707404
DEBUG - Updated level with delta: 0.016617787
DEBUG - Updated level with delta: 0.016664595
DEBUG - Updated level with delta: 0.016632905
DEBUG - Updated level with delta: 0.016726245
DEBUG - Updated level with delta: 0.016662565
DEBUG - Updated level with delta: 0.017351276
DEBUG - Updated level with delta: 0.016565165
DEBUG - Updated level with delta: 0.016119694
DEBUG - Updated level with delta: 0.016775295
DEBUG - Updated level with delta: 0.016995141
DEBUG - Updated level with delta: 0.01632252
DEBUG - Updated level with delta: 0.016647946
DEBUG - Updated level with delta: 0.016630776
DEBUG - Updated level with delta: 0.016635527
DEBUG - Updated level with delta: 0.016744824
DEBUG - Updated level with delta: 0.016703526
DEBUG - Updated level with delta: 0.01697528
DEBUG - Updated level with delta: 0.017400415
DEBUG - Updated level with delta: 0.01634109
DEBUG - Updated level with delta: 0.015932657
DEBUG - Updated level with delta: 0.01694586
DEBUG - Updated level with delta: 0.016577668
DEBUG - Updated level with delta: 0.016454679
DEBUG - Updated level with delta: 0.016678755
DEBUG - Updated level with delta: 0.016670535
DEBUG - Updated level with delta: 0.016683976
DEBUG - Updated level with delta: 0.016625556
DEBUG - Updated level with delta: 0.016707065
DEBUG - Updated level with delta: 0.016711025
DEBUG - Updated level with delta: 0.016663846
DEBUG - Updated level with delta: 0.017251567
DEBUG - Updated level with delta: 0.016100964
DEBUG - Updated level with delta: 0.017249287
DEBUG - Updated level with delta: 0.01642452
DEBUG - Updated level with delta: 0.016424459
DEBUG - Updated level with delta: 0.016633366
DEBUG - Updated level with delta: 0.016594117
DEBUG - Updated level with delta: 0.016716104
DEBUG - Updated level with delta: 0.017573873
DEBUG - Updated level with delta: 0.01637787
DEBUG - Updated level with delta: 0.016084784
DEBUG - Updated level with delta: 0.016947701
DEBUG - Updated level with delta: 0.017075339
DEBUG - Updated level with delta: 0.015981927
DEBUG - Updated level with delta: 0.016713444
DEBUG - Updated level with delta: 0.016616027
DEBUG - Updated level with delta: 0.016783914
DEBUG - Updated level with delta: 0.016655975
DEBUG - Updated level with delta: 0.016686916
DEBUG - Updated level with delta: 0.016623036
DEBUG - Updated level with delta: 0.016671855
DEBUG - Updated level with delta: 0.017445504
DEBUG - Updated level with delta: 0.016139873
DEBUG - Updated level with delta: 0.016777144
DEBUG - Updated level with delta: 0.0163289
DEBUG - Updated level with delta: 0.016634646
DEBUG - Updated level with delta: 0.016684876
DEBUG - Updated level with delta: 0.017600991
DEBUG - Updated level with delta: 0.016875474
DEBUG - Updated level with delta: 0.016032435
DEBUG - Updated level with delta: 0.016962441
DEBUG - Updated level with delta: 0.016136914
DEBUG - Updated level with delta: 0.016467328
DEBUG - Updated level with delta: 0.016698365
DEBUG - Updated level with delta: 0.017303666
DEBUG - Updated level with delta: 0.01641305
DEBUG - Updated level with delta: 0.016291332
DEBUG - Updated level with delta: 0.01699869
DEBUG - Updated level with delta: 0.016673466
DEBUG - Updated level with delta: 0.01715656
DEBUG - Updated level with delta: 0.016024404
DEBUG - Updated level with delta: 0.017723832
DEBUG - Updated level with delta: 0.016538167
DEBUG - Updated level with delta: 0.016334012
DEBUG - Updated level with delta: 0.017005511
DEBUG - Updated level with delta: 0.016666266
DEBUG - Updated level with delta: 0.016868643
DEBUG - Updated level with delta: 0.016148764
DEBUG - Updated level with delta: 0.016929122
DEBUG - Updated level with delta: 0.016731845
DEBUG - Updated level with delta: 0.016666946
DEBUG - Updated level with delta: 0.016497458
DEBUG - Updated level with delta: 0.016952793
DEBUG - Updated level with delta: 0.016048834
DEBUG - Updated level with delta: 0.016107955
DEBUG - Updated level with delta: 0.017444834
DEBUG - Updated level with delta: 0.016250423
DEBUG - Updated level with delta: 0.016883403
DEBUG - Updated level with delta: 0.016114393
DEBUG - Updated level with delta: 0.016780405
DEBUG - Updated level with delta: 0.016612247
DEBUG - Updated level with delta: 0.016664006
DEBUG - Updated level with delta: 0.017617552
DEBUG - Updated level with delta: 0.016396871
DEBUG - Updated level with delta: 0.016073315
DEBUG - Updated level with delta: 0.016702295
DEBUG - Updated level with delta: 0.016911982
DEBUG - Updated level with delta: 0.016639097
DEBUG - Updated level with delta: 0.016545928
DEBUG - Updated level with delta: 0.016573447
DEBUG - Updated level with delta: 0.016709836
DEBUG - Updated level with delta: 0.017507693
DEBUG - Updated level with delta: 0.015941577
DEBUG - Updated level with delta: 0.016542838
DEBUG - Updated level with delta: 0.016628087
DEBUG - Updated level with delta: 0.016695216
DEBUG - Updated level with delta: 0.016687526
DEBUG - Updated level with delta: 0.016742675
DEBUG - Updated level with delta: 0.016573707
DEBUG - Updated level with delta: 0.016984692
DEBUG - Updated level with delta: 0.016686726
DEBUG - Updated level with delta: 0.016530388
DEBUG - Updated level with delta: 0.016548597
DEBUG - Updated level with delta: 0.016809674
DEBUG - Updated level with delta: 0.017276787
DEBUG - Updated level with delta: 0.016995232
DEBUG - Updated level with delta: 0.016707155
DEBUG - Updated level with delta: 0.016611867
DEBUG - Updated level with delta: 0.016973482
DEBUG - Updated level with delta: 0.016029584
DEBUG - Updated level with delta: 0.016156334
DEBUG - Updated level with delta: 0.016477359
DEBUG - Updated level with delta: 0.017569414
DEBUG - Updated level with delta: 0.016783794
DEBUG - Updated level with delta: 0.016734055
DEBUG - Updated level with delta: 0.016820064
DEBUG - Updated level with delta: 0.016123154
DEBUG - Updated level with delta: 0.016279522
DEBUG - Updated level with delta: 0.016320842
DEBUG - Updated level with delta: 0.017364615
DEBUG - Updated level with delta: 0.016073266
DEBUG - Updated level with delta: 0.017658953
DEBUG - Updated level with delta: 0.015986996
DEBUG - Updated level with delta: 0.016381871
DEBUG - Updated level with delta: 0.016706086
DEBUG - Updated level with delta: 0.017261558
DEBUG - Updated level with delta: 0.016148074
DEBUG - Updated level with delta: 0.016627017
DEBUG - Updated level with delta: 0.016666997
DEBUG - Updated level with delta: 0.016594468
DEBUG - Updated level with delta: 0.017581753
DEBUG - Updated level with delta: 0.016833474
DEBUG - Updated level with delta: 0.015984947
DEBUG - Updated level with delta: 0.016697326
DEBUG - Updated level with delta: 0.016887873
DEBUG - Updated level with delta: 0.016101655
DEBUG - Updated level with delta: 0.01698427
DEBUG - Updated level with delta: 0.017265969
DEBUG - Updated level with delta: 0.016245213
DEBUG - Updated level with delta: 0.017088311
DEBUG - Updated level with delta: 0.016843414
DEBUG - Updated level with delta: 0.016638366
DEBUG - Updated level with delta: 0.016792916
DEBUG - Updated level with delta: 0.016150154
DEBUG - Updated level with delta: 0.016003836
DEBUG - Updated level with delta: 0.016765324
DEBUG - Updated level with delta: 0.017528695
DEBUG - Updated level with delta: 0.016855133
DEBUG - Updated level with delta: 0.016649817
DEBUG - Updated level with delta: 0.016564288
DEBUG - Updated level with delta: 0.016716956
DEBUG - Updated level with delta: 0.016317992
DEBUG - Updated level with delta: 0.016967402
DEBUG - Updated level with delta: 0.015990956
DEBUG - Updated level with delta: 0.016385121
DEBUG - Updated level with delta: 0.016792135
DEBUG - Updated level with delta: 0.016559958
DEBUG - Updated level with delta: 0.016721556
DEBUG - Updated level with delta: 0.016717176
DEBUG - Updated level with delta: 0.016602787
DEBUG - Updated level with delta: 0.016685486
DEBUG - Updated level with delta: 0.016723366
DEBUG - Updated level with delta: 0.016656657
DEBUG - Updated level with delta: 0.0171191
DEBUG - Updated level with delta: 0.016237803
DEBUG - Updated level with delta: 0.016678636
DEBUG - Updated level with delta: 0.016688187
DEBUG - Updated level with delta: 0.016821904
DEBUG - Updated level with delta: 0.01646759
DEBUG - Updated level with delta: 0.016842044
DEBUG - Updated level with delta: 0.016527838
DEBUG - Updated level with delta: 0.016654747
DEBUG - Updated level with delta: 0.016708446
DEBUG - Updated level with delta: 0.016674876
DEBUG - Updated level with delta: 0.016627537
DEBUG - Updated level with delta: 0.016698427
DEBUG - Updated level with delta: 0.017660572
DEBUG - Updated level with delta: 0.016230363
DEBUG - Updated level with delta: 0.016162075
DEBUG - Updated level with delta: 0.016819585
DEBUG - Updated level with delta: 0.017209699
DEBUG - Updated level with delta: 0.01644763
DEBUG - Updated level with delta: 0.016236533
DEBUG - Updated level with delta: 0.016659177
DEBUG - Updated level with delta: 0.016636908
DEBUG - Updated level with delta: 0.016700216
DEBUG - Updated level with delta: 0.016667067
DEBUG - Updated level with delta: 0.016624018
DEBUG - Updated level with delta: 0.016647717
DEBUG - Updated level with delta: 0.01718313
DEBUG - Updated level with delta: 0.016305962
DEBUG - Updated level with delta: 0.016609428
DEBUG - Updated level with delta: 0.016626748
DEBUG - Updated level with delta: 0.016726816
DEBUG - Updated level with delta: 0.017599053
DEBUG - Updated level with delta: 0.016790235
DEBUG - Updated level with delta: 0.016687617
DEBUG - Updated level with delta: 0.016544629
DEBUG - Updated level with delta: 0.016108885
DEBUG - Updated level with delta: 0.01713778
DEBUG - Updated level with delta: 0.016155925
DEBUG - Updated level with delta: 0.016948043
DEBUG - Updated level with delta: 0.016614247
DEBUG - Updated level with delta: 0.016105406
DEBUG - Updated level with delta: 0.016601118
DEBUG - Updated level with delta: 0.016761326
DEBUG - Updated level with delta: 0.016659047
DEBUG - Updated level with delta: 0.017220059
DEBUG - Updated level with delta: 0.016102445
DEBUG - Updated level with delta: 0.017688072
DEBUG - Updated level with delta: 0.016073136
DEBUG - Updated level with delta: 0.016489839
DEBUG - Updated level with delta: 0.017060752
DEBUG - Updated level with delta: 0.016067575
DEBUG - Updated level with delta: 0.017305708
DEBUG - Updated level with delta: 0.016204844
DEBUG - Updated level with delta: 0.016604068
DEBUG - Updated level with delta: 0.016762575
DEBUG - Updated level with delta: 0.016571659
DEBUG - Updated level with delta: 0.017567114
DEBUG - Updated level with delta: 0.016206113
DEBUG - Updated level with delta: 0.016182845
DEBUG - Updated level with delta: 0.016667497
DEBUG - Updated level with delta: 0.016745655
DEBUG - Updated level with delta: 0.016629878
DEBUG - Updated level with delta: 0.016684927
DEBUG - Updated level with delta: 0.016669217
DEBUG - Updated level with delta: 0.016747985
DEBUG - Updated level with delta: 0.016938624
DEBUG - Updated level with delta: 0.016512889
DEBUG - Updated level with delta: 0.016698667
DEBUG - Updated level with delta: 0.017414056
DEBUG - Updated level with delta: 0.016032796
DEBUG - Updated level with delta: 0.01643091
DEBUG - Updated level with delta: 0.016663447
DEBUG - Updated level with delta: 0.016784406
DEBUG - Updated level with delta: 0.016542689
DEBUG - Updated level with delta: 0.016698017
DEBUG - Updated level with delta: 0.016687027
DEBUG - Updated level with delta: 0.016696677
DEBUG - Updated level with delta: 0.017253009
DEBUG - Updated level with delta: 0.016092156
DEBUG - Updated level with delta: 0.017249759
DEBUG - Updated level with delta: 0.016877304
DEBUG - Updated level with delta: 0.016256684
DEBUG - Updated level with delta: 0.016986702
DEBUG - Updated level with delta: 0.016924745
DEBUG - Updated level with delta: 0.016751067
DEBUG - Updated level with delta: 0.016671917
DEBUG - Updated level with delta: 0.016665567
DEBUG - Updated level with delta: 0.016715316
DEBUG - Updated level with delta: 0.016615039
DEBUG - Updated level with delta: 0.016688307
DEBUG - Updated level with delta: 0.016293953
DEBUG - Updated level with delta: 0.016063816
DEBUG - Updated level with delta: 0.016579399
DEBUG - Updated level with delta: 0.016690827
DEBUG - Updated level with delta: 0.016818855
DEBUG - Updated level with delta: 0.016451821
DEBUG - Updated level with delta: 0.016728276
DEBUG - Updated level with delta: 0.016712297
DEBUG - Updated level with delta: 0.016635568
DEBUG - Updated level with delta: 0.017359068
DEBUG - Updated level with delta: 0.016033996
DEBUG - Updated level with delta: 0.017323918
INFO - Level 1 finished by Ales in 22244 ms
DEBUG - Updated level with delta: 0.016800455
