INFO - Game is starting...
INFO - Level 1 initialized
INFO - Loaded level 1
INFO - Level 1 updated with delta: 0.025091281
DEBUG - Updated level with delta: 0.025091281
INFO - Level 1 updated with delta: 0.055796673
DEBUG - Updated level with delta: 0.055796673
INFO - Level 1 updated with delta: 0.010020642
DEBUG - Updated level with delta: 0.010020642
INFO - Level 1 updated with delta: 0.014852571
DEBUG - Updated level with delta: 0.014852571
INFO - Level 1 updated with delta: 0.001512156
DEBUG - Updated level with delta: 0.001512156
INFO - Level 1 updated with delta: 0.016304568
DEBUG - Updated level with delta: 0.016304568
INFO - Level 1 updated with delta: 0.016435557
DEBUG - Updated level with delta: 0.016435557
INFO - Level 1 updated with delta: 0.016394787
DEBUG - Updated level with delta: 0.016394787
INFO - Level 1 updated with delta: 0.016498666
DEBUG - Updated level with delta: 0.016498666
INFO - Level 1 updated with delta: 0.016380587
DEBUG - Updated level with delta: 0.016380587
INFO - Level 1 updated with delta: 0.016215988
DEBUG - Updated level with delta: 0.016215988
INFO - Level 1 updated with delta: 0.016812253
DEBUG - Updated level with delta: 0.016812253
INFO - Level 1 updated with delta: 0.016582266
DEBUG - Updated level with delta: 0.016582266
INFO - Level 1 updated with delta: 0.016770713
DEBUG - Updated level with delta: 0.016770713
INFO - Level 1 updated with delta: 0.016479656
DEBUG - Updated level with delta: 0.016479656
INFO - Level 1 updated with delta: 0.017378359
DEBUG - Updated level with delta: 0.017378359
INFO - Level 1 updated with delta: 0.016919112
DEBUG - Updated level with delta: 0.016919112
INFO - Level 1 updated with delta: 0.016463926
DEBUG - Updated level with delta: 0.016463926
INFO - Level 1 updated with delta: 0.016899343
DEBUG - Updated level with delta: 0.016899343
INFO - Level 1 updated with delta: 0.016937902
DEBUG - Updated level with delta: 0.016937902
INFO - Level 1 updated with delta: 0.016290878
DEBUG - Updated level with delta: 0.016290878
INFO - Level 1 updated with delta: 0.016197178
DEBUG - Updated level with delta: 0.016197178
INFO - Level 1 updated with delta: 0.016258379
DEBUG - Updated level with delta: 0.016258379
INFO - Level 1 updated with delta: 0.016554795
DEBUG - Updated level with delta: 0.016554795
INFO - Level 1 updated with delta: 0.016695364
DEBUG - Updated level with delta: 0.016695364
INFO - Level 1 updated with delta: 0.016645385
DEBUG - Updated level with delta: 0.016645385
INFO - Level 1 updated with delta: 0.016679874
DEBUG - Updated level with delta: 0.016679874
INFO - Level 1 updated with delta: 0.016735114
DEBUG - Updated level with delta: 0.016735114
INFO - Level 1 updated with delta: 0.016730754
DEBUG - Updated level with delta: 0.016730754
INFO - Level 1 updated with delta: 0.017453698
DEBUG - Updated level with delta: 0.017453698
INFO - Level 1 updated with delta: 0.016305217
DEBUG - Updated level with delta: 0.016305217
INFO - Level 1 updated with delta: 0.0160801
DEBUG - Updated level with delta: 0.0160801
INFO - Level 1 updated with delta: 0.016696714
DEBUG - Updated level with delta: 0.016696714
INFO - Level 1 updated with delta: 0.016697394
DEBUG - Updated level with delta: 0.016697394
INFO - Level 1 updated with delta: 0.016718214
DEBUG - Updated level with delta: 0.016718214
INFO - Level 1 updated with delta: 0.016643275
DEBUG - Updated level with delta: 0.016643275
INFO - Level 1 updated with delta: 0.016656775
DEBUG - Updated level with delta: 0.016656775
INFO - Level 1 updated with delta: 0.016715894
DEBUG - Updated level with delta: 0.016715894
INFO - Level 1 updated with delta: 0.01725659
DEBUG - Updated level with delta: 0.01725659
INFO - Level 1 updated with delta: 0.016172338
DEBUG - Updated level with delta: 0.016172338
INFO - Level 1 updated with delta: 0.016781604
DEBUG - Updated level with delta: 0.016781604
INFO - Level 1 updated with delta: 0.017623546
DEBUG - Updated level with delta: 0.017623546
INFO - Level 1 updated with delta: 0.016281418
DEBUG - Updated level with delta: 0.016281418
INFO - Level 1 updated with delta: 0.017060881
DEBUG - Updated level with delta: 0.017060881
INFO - Level 1 updated with delta: 0.015967741
DEBUG - Updated level with delta: 0.015967741
INFO - Level 1 updated with delta: 0.016291398
DEBUG - Updated level with delta: 0.016291398
INFO - Level 1 updated with delta: 0.017063001
DEBUG - Updated level with delta: 0.017063001
INFO - Level 1 updated with delta: 0.016220998
DEBUG - Updated level with delta: 0.016220998
INFO - Level 1 updated with delta: 0.016598635
DEBUG - Updated level with delta: 0.016598635
INFO - Level 1 updated with delta: 0.01720289
DEBUG - Updated level with delta: 0.01720289
INFO - Level 1 updated with delta: 0.016305048
DEBUG - Updated level with delta: 0.016305048
INFO - Level 1 updated with delta: 0.016621545
DEBUG - Updated level with delta: 0.016621545
INFO - Level 1 updated with delta: 0.016666334
DEBUG - Updated level with delta: 0.016666334
INFO - Level 1 updated with delta: 0.017079621
DEBUG - Updated level with delta: 0.017079621
INFO - Level 1 updated with delta: 0.016297768
DEBUG - Updated level with delta: 0.016297768
INFO - Level 1 updated with delta: 0.01728492
DEBUG - Updated level with delta: 0.01728492
INFO - Level 1 updated with delta: 0.016174009
DEBUG - Updated level with delta: 0.016174009
INFO - Level 1 updated with delta: 0.017472677
DEBUG - Updated level with delta: 0.017472677
INFO - Level 1 updated with delta: 0.016789844
DEBUG - Updated level with delta: 0.016789844
INFO - Level 1 updated with delta: 0.016656295
DEBUG - Updated level with delta: 0.016656295
INFO - Level 1 updated with delta: 0.016533416
DEBUG - Updated level with delta: 0.016533416
INFO - Level 1 updated with delta: 0.016826983
DEBUG - Updated level with delta: 0.016826983
INFO - Level 1 updated with delta: 0.016758615
DEBUG - Updated level with delta: 0.016758615
INFO - Level 1 updated with delta: 0.016700444
DEBUG - Updated level with delta: 0.016700444
INFO - Level 1 updated with delta: 0.016631225
DEBUG - Updated level with delta: 0.016631225
INFO - Level 1 updated with delta: 0.016720014
DEBUG - Updated level with delta: 0.016720014
INFO - Level 1 updated with delta: 0.016448677
DEBUG - Updated level with delta: 0.016448677
INFO - Level 1 updated with delta: 0.016910553
DEBUG - Updated level with delta: 0.016910553
INFO - Level 1 updated with delta: 0.016616775
DEBUG - Updated level with delta: 0.016616775
INFO - Level 1 updated with delta: 0.016814493
DEBUG - Updated level with delta: 0.016814493
INFO - Level 1 updated with delta: 0.016512066
DEBUG - Updated level with delta: 0.016512066
INFO - Level 1 updated with delta: 0.016760444
DEBUG - Updated level with delta: 0.016760444
INFO - Level 1 updated with delta: 0.016664435
DEBUG - Updated level with delta: 0.016664435
INFO - Level 1 updated with delta: 0.016727284
DEBUG - Updated level with delta: 0.016727284
INFO - Level 1 updated with delta: 0.016547716
DEBUG - Updated level with delta: 0.016547716
INFO - Level 1 updated with delta: 0.016643325
DEBUG - Updated level with delta: 0.016643325
INFO - Level 1 updated with delta: 0.016652715
DEBUG - Updated level with delta: 0.016652715
INFO - Level 1 updated with delta: 0.016684845
DEBUG - Updated level with delta: 0.016684845
INFO - Level 1 updated with delta: 0.016346907
DEBUG - Updated level with delta: 0.016346907
INFO - Level 1 updated with delta: 0.016762934
DEBUG - Updated level with delta: 0.016762934
INFO - Level 1 updated with delta: 0.016820673
DEBUG - Updated level with delta: 0.016820673
INFO - Level 1 updated with delta: 0.016424947
DEBUG - Updated level with delta: 0.016424947
INFO - Level 1 updated with delta: 0.015889912
DEBUG - Updated level with delta: 0.015889912
INFO - Level 1 updated with delta: 0.016830583
DEBUG - Updated level with delta: 0.016830583
INFO - Level 1 updated with delta: 0.016627155
DEBUG - Updated level with delta: 0.016627155
INFO - Level 1 updated with delta: 0.016776853
DEBUG - Updated level with delta: 0.016776853
INFO - Level 1 updated with delta: 0.016608777
DEBUG - Updated level with delta: 0.016608777
INFO - Level 1 updated with delta: 0.017941742
DEBUG - Updated level with delta: 0.017941742
INFO - Level 1 updated with delta: 0.016805364
DEBUG - Updated level with delta: 0.016805364
INFO - Level 1 updated with delta: 0.017016522
DEBUG - Updated level with delta: 0.017016522
INFO - Level 1 updated with delta: 0.01606405
DEBUG - Updated level with delta: 0.01606405
INFO - Level 1 updated with delta: 0.016563876
DEBUG - Updated level with delta: 0.016563876
INFO - Level 1 updated with delta: 0.01608013
DEBUG - Updated level with delta: 0.01608013
INFO - Level 1 updated with delta: 0.016247228
DEBUG - Updated level with delta: 0.016247228
INFO - Level 1 updated with delta: 0.016532876
DEBUG - Updated level with delta: 0.016532876
INFO - Level 1 updated with delta: 0.016728204
DEBUG - Updated level with delta: 0.016728204
INFO - Level 1 updated with delta: 0.016707944
DEBUG - Updated level with delta: 0.016707944
INFO - Level 1 updated with delta: 0.016677345
DEBUG - Updated level with delta: 0.016677345
INFO - Level 1 updated with delta: 0.016524736
DEBUG - Updated level with delta: 0.016524736
INFO - Level 1 updated with delta: 0.016813814
DEBUG - Updated level with delta: 0.016813814
INFO - Level 1 updated with delta: 0.017699666
DEBUG - Updated level with delta: 0.017699666
INFO - Level 1 updated with delta: 0.016624655
DEBUG - Updated level with delta: 0.016624655
INFO - Level 1 updated with delta: 0.016632735
DEBUG - Updated level with delta: 0.016632735
INFO - Level 1 updated with delta: 0.016154439
DEBUG - Updated level with delta: 0.016154439
INFO - Level 1 updated with delta: 0.016982722
DEBUG - Updated level with delta: 0.016982722
INFO - Level 1 updated with delta: 0.016368817
DEBUG - Updated level with delta: 0.016368817
INFO - Level 1 updated with delta: 0.0161323
DEBUG - Updated level with delta: 0.0161323
INFO - Level 1 updated with delta: 0.016707224
DEBUG - Updated level with delta: 0.016707224
INFO - Level 1 updated with delta: 0.016688755
DEBUG - Updated level with delta: 0.016688755
INFO - Level 1 updated with delta: 0.016688194
DEBUG - Updated level with delta: 0.016688194
INFO - Level 1 updated with delta: 0.017750946
DEBUG - Updated level with delta: 0.017750946
INFO - Level 1 updated with delta: 0.01603592
DEBUG - Updated level with delta: 0.01603592
INFO - Level 1 updated with delta: 0.016250899
DEBUG - Updated level with delta: 0.016250899
INFO - Level 1 updated with delta: 0.017000192
DEBUG - Updated level with delta: 0.017000192
INFO - Level 1 updated with delta: 0.016401337
DEBUG - Updated level with delta: 0.016401337
INFO - Level 1 updated with delta: 0.016647375
DEBUG - Updated level with delta: 0.016647375
INFO - Level 1 updated with delta: 0.017164831
DEBUG - Updated level with delta: 0.017164831
INFO - Level 1 updated with delta: 0.016153049
DEBUG - Updated level with delta: 0.016153049
INFO - Level 1 updated with delta: 0.016615246
DEBUG - Updated level with delta: 0.016615246
INFO - Level 1 updated with delta: 0.016637525
DEBUG - Updated level with delta: 0.016637525
INFO - Level 1 updated with delta: 0.016718004
DEBUG - Updated level with delta: 0.016718004
INFO - Level 1 updated with delta: 0.017562438
DEBUG - Updated level with delta: 0.017562438
INFO - Level 1 updated with delta: 0.016862743
DEBUG - Updated level with delta: 0.016862743
INFO - Level 1 updated with delta: 0.016712325
DEBUG - Updated level with delta: 0.016712325
INFO - Level 1 updated with delta: 0.016343177
DEBUG - Updated level with delta: 0.016343177
INFO - Level 1 updated with delta: 0.016663564
DEBUG - Updated level with delta: 0.016663564
INFO - Level 1 updated with delta: 0.015965362
DEBUG - Updated level with delta: 0.015965362
INFO - Level 1 updated with delta: 0.016672165
DEBUG - Updated level with delta: 0.016672165
INFO - Level 1 updated with delta: 0.016616956
DEBUG - Updated level with delta: 0.016616956
INFO - Level 1 updated with delta: 0.016718474
DEBUG - Updated level with delta: 0.016718474
INFO - Level 1 updated with delta: 0.016824004
DEBUG - Updated level with delta: 0.016824004
INFO - Level 1 updated with delta: 0.016442767
DEBUG - Updated level with delta: 0.016442767
INFO - Level 1 updated with delta: 0.016692165
DEBUG - Updated level with delta: 0.016692165
INFO - Level 1 updated with delta: 0.016657465
DEBUG - Updated level with delta: 0.016657465
INFO - Level 1 updated with delta: 0.017478018
DEBUG - Updated level with delta: 0.017478018
INFO - Level 1 updated with delta: 0.016975002
DEBUG - Updated level with delta: 0.016975002
INFO - Level 1 updated with delta: 0.016714095
DEBUG - Updated level with delta: 0.016714095
INFO - Level 1 updated with delta: 0.016633404
DEBUG - Updated level with delta: 0.016633404
INFO - Level 1 updated with delta: 0.016788345
DEBUG - Updated level with delta: 0.016788345
INFO - Level 1 updated with delta: 0.016211089
DEBUG - Updated level with delta: 0.016211089
INFO - Level 1 updated with delta: 0.01600053
DEBUG - Updated level with delta: 0.01600053
INFO - Level 1 updated with delta: 0.016787185
DEBUG - Updated level with delta: 0.016787185
INFO - Level 1 updated with delta: 0.016600165
DEBUG - Updated level with delta: 0.016600165
INFO - Level 1 updated with delta: 0.016752445
DEBUG - Updated level with delta: 0.016752445
INFO - Level 1 updated with delta: 0.016573405
DEBUG - Updated level with delta: 0.016573405
INFO - Level 1 updated with delta: 0.016766155
DEBUG - Updated level with delta: 0.016766155
INFO - Level 1 updated with delta: 0.016480216
DEBUG - Updated level with delta: 0.016480216
INFO - Level 1 updated with delta: 0.016901164
DEBUG - Updated level with delta: 0.016901164
INFO - Level 1 updated with delta: 0.016500466
DEBUG - Updated level with delta: 0.016500466
INFO - Level 1 updated with delta: 0.016658845
DEBUG - Updated level with delta: 0.016658845
INFO - Level 1 updated with delta: 0.016708905
DEBUG - Updated level with delta: 0.016708905
INFO - Level 1 updated with delta: 0.017480379
DEBUG - Updated level with delta: 0.017480379
INFO - Level 1 updated with delta: 0.016892382
DEBUG - Updated level with delta: 0.016892382
INFO - Level 1 updated with delta: 0.016769674
DEBUG - Updated level with delta: 0.016769674
INFO - Level 1 updated with delta: 0.016566737
DEBUG - Updated level with delta: 0.016566737
INFO - Level 1 updated with delta: 0.016702254
DEBUG - Updated level with delta: 0.016702254
INFO - Level 1 updated with delta: 0.016645965
DEBUG - Updated level with delta: 0.016645965
INFO - Level 1 updated with delta: 0.016645085
DEBUG - Updated level with delta: 0.016645085
INFO - Level 1 updated with delta: 0.016729145
DEBUG - Updated level with delta: 0.016729145
INFO - Level 1 updated with delta: 0.016647435
DEBUG - Updated level with delta: 0.016647435
INFO - Level 1 updated with delta: 0.016034851
DEBUG - Updated level with delta: 0.016034851
INFO - Level 1 updated with delta: 0.016236899
DEBUG - Updated level with delta: 0.016236899
INFO - Level 1 updated with delta: 0.016888132
DEBUG - Updated level with delta: 0.016888132
INFO - Level 1 updated with delta: 0.01734169
DEBUG - Updated level with delta: 0.01734169
INFO - Level 1 updated with delta: 0.016604816
DEBUG - Updated level with delta: 0.016604816
INFO - Level 1 updated with delta: 0.015989331
DEBUG - Updated level with delta: 0.015989331
INFO - Level 1 updated with delta: 0.017032421
DEBUG - Updated level with delta: 0.017032421
INFO - Level 1 updated with delta: 0.016256299
DEBUG - Updated level with delta: 0.016256299
INFO - Level 1 updated with delta: 0.016804374
DEBUG - Updated level with delta: 0.016804374
INFO - Level 1 updated with delta: 0.016464647
DEBUG - Updated level with delta: 0.016464647
INFO - Level 1 updated with delta: 0.016725384
DEBUG - Updated level with delta: 0.016725384
INFO - Level 1 updated with delta: 0.016751185
DEBUG - Updated level with delta: 0.016751185
INFO - Level 1 updated with delta: 0.016570595
DEBUG - Updated level with delta: 0.016570595
INFO - Level 1 updated with delta: 0.016848444
DEBUG - Updated level with delta: 0.016848444
INFO - Level 1 updated with delta: 0.016553226
DEBUG - Updated level with delta: 0.016553226
INFO - Level 1 updated with delta: 0.017028982
DEBUG - Updated level with delta: 0.017028982
INFO - Level 1 updated with delta: 0.016284079
DEBUG - Updated level with delta: 0.016284079
INFO - Level 1 updated with delta: 0.016746675
DEBUG - Updated level with delta: 0.016746675
INFO - Level 1 updated with delta: 0.016654055
DEBUG - Updated level with delta: 0.016654055
INFO - Level 1 updated with delta: 0.017401929
DEBUG - Updated level with delta: 0.017401929
INFO - Level 1 updated with delta: 0.015980261
DEBUG - Updated level with delta: 0.015980261
INFO - Level 1 updated with delta: 0.016635896
DEBUG - Updated level with delta: 0.016635896
INFO - Level 1 updated with delta: 0.016593346
DEBUG - Updated level with delta: 0.016593346
INFO - Level 1 updated with delta: 0.016723254
DEBUG - Updated level with delta: 0.016723254
INFO - Level 1 updated with delta: 0.016641236
DEBUG - Updated level with delta: 0.016641236
INFO - Level 1 updated with delta: 0.017361139
DEBUG - Updated level with delta: 0.017361139
INFO - Level 1 updated with delta: 0.017013733
DEBUG - Updated level with delta: 0.017013733
INFO - Level 1 updated with delta: 0.01606775
DEBUG - Updated level with delta: 0.01606775
INFO - Level 1 updated with delta: 0.016464277
DEBUG - Updated level with delta: 0.016464277
INFO - Level 1 updated with delta: 0.017362049
DEBUG - Updated level with delta: 0.017362049
INFO - Level 1 updated with delta: 0.016945523
DEBUG - Updated level with delta: 0.016945523
INFO - Level 1 updated with delta: 0.016621076
DEBUG - Updated level with delta: 0.016621076
INFO - Level 1 updated with delta: 0.016323168
DEBUG - Updated level with delta: 0.016323168
INFO - Level 1 updated with delta: 0.016345768
DEBUG - Updated level with delta: 0.016345768
INFO - Level 1 updated with delta: 0.016333089
DEBUG - Updated level with delta: 0.016333089
INFO - Level 1 updated with delta: 0.016647615
DEBUG - Updated level with delta: 0.016647615
INFO - Level 1 updated with delta: 0.016638205
DEBUG - Updated level with delta: 0.016638205
INFO - Level 1 updated with delta: 0.016689245
DEBUG - Updated level with delta: 0.016689245
INFO - Level 1 updated with delta: 0.016661826
DEBUG - Updated level with delta: 0.016661826
INFO - Level 1 updated with delta: 0.017836444
DEBUG - Updated level with delta: 0.017836444
INFO - Level 1 updated with delta: 0.01628788
DEBUG - Updated level with delta: 0.01628788
INFO - Level 1 updated with delta: 0.015920491
DEBUG - Updated level with delta: 0.015920491
INFO - Level 1 updated with delta: 0.016645806
DEBUG - Updated level with delta: 0.016645806
INFO - Level 1 updated with delta: 0.016700575
DEBUG - Updated level with delta: 0.016700575
INFO - Level 1 initialized
INFO - Loaded level 1
INFO - Restarted level 1
INFO - Level 1 updated with delta: 0.017626827
DEBUG - Updated level with delta: 0.017626827
INFO - Level 1 updated with delta: 0.048708607
DEBUG - Updated level with delta: 0.048708607
INFO - Level 1 updated with delta: 6.83454E-4
DEBUG - Updated level with delta: 6.83454E-4
INFO - Level 1 updated with delta: 0.014208367
DEBUG - Updated level with delta: 0.014208367
INFO - Level 1 updated with delta: 0.016202389
DEBUG - Updated level with delta: 0.016202389
INFO - Level 1 updated with delta: 0.016777154
DEBUG - Updated level with delta: 0.016777154
INFO - Level 1 updated with delta: 0.016565586
DEBUG - Updated level with delta: 0.016565586
INFO - Level 1 updated with delta: 0.016716505
DEBUG - Updated level with delta: 0.016716505
INFO - Level 1 updated with delta: 0.016691655
DEBUG - Updated level with delta: 0.016691655
INFO - Level 1 updated with delta: 0.016667386
DEBUG - Updated level with delta: 0.016667386
INFO - Level 1 updated with delta: 0.016602406
DEBUG - Updated level with delta: 0.016602406
INFO - Level 1 updated with delta: 0.017440298
DEBUG - Updated level with delta: 0.017440298
INFO - Level 1 updated with delta: 0.016221459
DEBUG - Updated level with delta: 0.016221459
INFO - Level 1 updated with delta: 0.016408088
DEBUG - Updated level with delta: 0.016408088
INFO - Level 1 updated with delta: 0.016763805
DEBUG - Updated level with delta: 0.016763805
INFO - Level 1 updated with delta: 0.016549756
DEBUG - Updated level with delta: 0.016549756
INFO - Level 1 updated with delta: 0.016668735
DEBUG - Updated level with delta: 0.016668735
INFO - Level 1 updated with delta: 0.016420737
DEBUG - Updated level with delta: 0.016420737
INFO - Level 1 updated with delta: 0.016933444
DEBUG - Updated level with delta: 0.016933444
INFO - Level 1 updated with delta: 0.016488007
DEBUG - Updated level with delta: 0.016488007
INFO - Level 1 updated with delta: 0.017035122
DEBUG - Updated level with delta: 0.017035122
INFO - Level 1 updated with delta: 0.016437356
DEBUG - Updated level with delta: 0.016437356
INFO - Level 1 updated with delta: 0.016823465
DEBUG - Updated level with delta: 0.016823465
INFO - Level 1 updated with delta: 0.016670855
DEBUG - Updated level with delta: 0.016670855
INFO - Level 1 updated with delta: 0.016591397
DEBUG - Updated level with delta: 0.016591397
INFO - Level 1 updated with delta: 0.016859602
DEBUG - Updated level with delta: 0.016859602
INFO - Level 1 updated with delta: 0.016718746
DEBUG - Updated level with delta: 0.016718746
INFO - Level 1 updated with delta: 0.016383998
DEBUG - Updated level with delta: 0.016383998
INFO - Level 1 updated with delta: 0.016844033
DEBUG - Updated level with delta: 0.016844033
INFO - Level 1 updated with delta: 0.016703576
DEBUG - Updated level with delta: 0.016703576
INFO - Level 1 updated with delta: 0.017007242
DEBUG - Updated level with delta: 0.017007242
INFO - Level 1 updated with delta: 0.016988703
DEBUG - Updated level with delta: 0.016988703
INFO - Level 1 updated with delta: 0.017008423
DEBUG - Updated level with delta: 0.017008423
INFO - Level 1 updated with delta: 0.016032201
DEBUG - Updated level with delta: 0.016032201
INFO - Level 1 updated with delta: 0.016961452
DEBUG - Updated level with delta: 0.016961452
INFO - Level 1 updated with delta: 0.016005792
DEBUG - Updated level with delta: 0.016005792
INFO - Level 1 updated with delta: 0.016000221
DEBUG - Updated level with delta: 0.016000221
INFO - Level 1 updated with delta: 0.016001482
DEBUG - Updated level with delta: 0.016001482
INFO - Level 1 updated with delta: 0.016995092
DEBUG - Updated level with delta: 0.016995092
INFO - Level 1 updated with delta: 0.016008601
DEBUG - Updated level with delta: 0.016008601
INFO - Level 1 updated with delta: 0.016001552
DEBUG - Updated level with delta: 0.016001552
INFO - Level 1 updated with delta: 0.016913843
DEBUG - Updated level with delta: 0.016913843
INFO - Level 1 updated with delta: 0.016079641
DEBUG - Updated level with delta: 0.016079641
INFO - Level 1 updated with delta: 0.01611244
DEBUG - Updated level with delta: 0.01611244
INFO - Level 1 updated with delta: 0.01617371
DEBUG - Updated level with delta: 0.01617371
INFO - Level 1 updated with delta: 0.016359638
DEBUG - Updated level with delta: 0.016359638
INFO - Level 1 updated with delta: 0.016592246
DEBUG - Updated level with delta: 0.016592246
INFO - Level 1 updated with delta: 0.016316599
DEBUG - Updated level with delta: 0.016316599
INFO - Level 1 updated with delta: 0.016831834
DEBUG - Updated level with delta: 0.016831834
INFO - Level 1 updated with delta: 0.016842404
DEBUG - Updated level with delta: 0.016842404
INFO - Level 1 updated with delta: 0.01609784
DEBUG - Updated level with delta: 0.01609784
INFO - Level 1 updated with delta: 0.01623027
DEBUG - Updated level with delta: 0.01623027
INFO - Level 1 updated with delta: 0.016502347
DEBUG - Updated level with delta: 0.016502347
INFO - Level 1 updated with delta: 0.015997391
DEBUG - Updated level with delta: 0.015997391
INFO - Level 1 updated with delta: 0.016001571
DEBUG - Updated level with delta: 0.016001571
INFO - Level 1 updated with delta: 0.016980343
DEBUG - Updated level with delta: 0.016980343
INFO - Level 1 updated with delta: 0.016317089
DEBUG - Updated level with delta: 0.016317089
INFO - Level 1 updated with delta: 0.016378968
DEBUG - Updated level with delta: 0.016378968
INFO - Level 1 updated with delta: 0.016369768
DEBUG - Updated level with delta: 0.016369768
INFO - Level 1 updated with delta: 0.017048852
DEBUG - Updated level with delta: 0.017048852
INFO - Level 1 updated with delta: 0.016982283
DEBUG - Updated level with delta: 0.016982283
INFO - Level 1 updated with delta: 0.016984713
DEBUG - Updated level with delta: 0.016984713
INFO - Level 1 updated with delta: 0.016318339
DEBUG - Updated level with delta: 0.016318339
INFO - Level 1 updated with delta: 0.016616925
DEBUG - Updated level with delta: 0.016616925
INFO - Level 1 updated with delta: 0.016454588
DEBUG - Updated level with delta: 0.016454588
INFO - Level 1 updated with delta: 0.016568936
DEBUG - Updated level with delta: 0.016568936
INFO - Level 1 updated with delta: 0.016673766
DEBUG - Updated level with delta: 0.016673766
INFO - Level 1 updated with delta: 0.016589166
DEBUG - Updated level with delta: 0.016589166
INFO - Level 1 updated with delta: 0.016818194
DEBUG - Updated level with delta: 0.016818194
INFO - Level 1 updated with delta: 0.016663276
DEBUG - Updated level with delta: 0.016663276
INFO - Level 1 updated with delta: 0.016628106
DEBUG - Updated level with delta: 0.016628106
INFO - Level 1 updated with delta: 0.016624015
DEBUG - Updated level with delta: 0.016624015
INFO - Level 1 updated with delta: 0.01620789
DEBUG - Updated level with delta: 0.01620789
INFO - Level 1 updated with delta: 0.01622023
DEBUG - Updated level with delta: 0.01622023
INFO - Level 1 updated with delta: 0.016685995
DEBUG - Updated level with delta: 0.016685995
INFO - Level 1 updated with delta: 0.016718525
DEBUG - Updated level with delta: 0.016718525
INFO - Level 1 updated with delta: 0.016587337
DEBUG - Updated level with delta: 0.016587337
INFO - Level 1 updated with delta: 0.016694355
DEBUG - Updated level with delta: 0.016694355
INFO - Level 1 updated with delta: 0.016630206
DEBUG - Updated level with delta: 0.016630206
INFO - Level 1 updated with delta: 0.016695465
DEBUG - Updated level with delta: 0.016695465
INFO - Level 1 updated with delta: 0.016729195
DEBUG - Updated level with delta: 0.016729195
INFO - Level 1 updated with delta: 0.016580546
DEBUG - Updated level with delta: 0.016580546
INFO - Level 1 updated with delta: 0.016667096
DEBUG - Updated level with delta: 0.016667096
INFO - Level 1 updated with delta: 0.016592516
DEBUG - Updated level with delta: 0.016592516
INFO - Level 1 updated with delta: 0.016207909
DEBUG - Updated level with delta: 0.016207909
INFO - Level 1 updated with delta: 0.01626065
DEBUG - Updated level with delta: 0.01626065
INFO - Level 1 updated with delta: 0.016751694
DEBUG - Updated level with delta: 0.016751694
INFO - Level 1 updated with delta: 0.016707715
DEBUG - Updated level with delta: 0.016707715
INFO - Level 1 updated with delta: 0.016678556
DEBUG - Updated level with delta: 0.016678556
INFO - Level 1 updated with delta: 0.016629256
DEBUG - Updated level with delta: 0.016629256
INFO - Level 1 updated with delta: 0.016721636
DEBUG - Updated level with delta: 0.016721636
INFO - Level 1 updated with delta: 0.016620216
DEBUG - Updated level with delta: 0.016620216
INFO - Level 1 updated with delta: 0.029758082
DEBUG - Updated level with delta: 0.029758082
